interactions:
- request:
    body: null
    headers:
      Accept:
      - '*/*'
      Accept-Encoding:
      - gzip, deflate
      Connection:
      - keep-alive
      User-Agent:
      - python-requests/2.32.0
    method: GET
    uri: https://example.com/v1/vulns/GO-2022-0646
  response:
    body:
      string: '{"id": "GO-2022-0646", "summary": "Use of risky cryptographic algorithm
        in github.com/aws/aws-sdk-go", "details": "The Go AWS S3 Crypto SDK contains
        vulnerabilities that can permit an attacker with write access to a bucket
        to decrypt files in that bucket.\n\nFiles encrypted by the V1 EncryptionClient
        using either the AES-CBC content cipher or the KMS key wrap algorithm are
        vulnerable. Users should migrate to the V1 EncryptionClientV2 API, which will
        not create vulnerable files. Old files will remain vulnerable until re-encrypted
        with the new client.", "aliases": ["CVE-2020-8911", "CVE-2020-8912", "GHSA-7f33-f4f5-xwgw",
        "GHSA-f5pg-7wfw-84q9"], "modified": "2024-05-20T16:03:47Z", "published": "2022-02-11T23:26:26Z",
        "database_specific": {"url": "https://example.com/vuln/GO-2022-0646", "review_status":
        "REVIEWED"}, "references": [{"type": "ADVISORY", "url": "https://example.com/blogs/developer/updates-to-the-amazon-s3-encryption-client/?s=09"},
        {"type": "FIX", "url": "https://example.com/aws/aws-sdk-go/pull/3403"}, {"type":
        "FIX", "url": "https://example.com/aws/aws-sdk-go/commit/ae9b9fd92af132cfd8d879809d8611825ba135f4"}],
        "affected": [{"package": {"name": "github.com/aws/aws-sdk-go", "ecosystem":
        "Go", "purl": "pkg:golang/github.com/aws/aws-sdk-go"}, "ranges": [{"type":
        "SEMVER", "events": [{"introduced": "0"}]}], "ecosystem_specific": {"imports":
        [{"symbols": ["NewDecryptionClient", "NewEncryptionClient"], "path": "github.com/aws/aws-sdk-go/service/s3/s3crypto"}]},
        "database_specific": {"source": "https://example.com/ID/GO-2022-0646.json"}}],
        "schema_version": "1.6.0", "credits": [{"name": "Sophie Schmieg from the Google
        ISE team"}]}'
    headers:
      Content-Length:
      - '1600'
      Date:
      - Mon, 17 Jun 2024 12:45:04 GMT
      Server:
      - Google Frontend
      X-Cloud-Trace-Context:
      - ef71398b1c614d7e10cdab9a76891b24
      alt-svc:
      - h3=":443"; ma=2592000,h3-29=":443"; ma=2592000
      content-type:
      - application/json
      grpc-accept-encoding:
      - identity, deflate, gzip
      grpc-message:
      - ''
      grpc-status:
      - '0'
      x-envoy-decorator-operation:
      - ingress GetVulnById
    status:
      code: 200
      message: OK
- request:
    body: null
    headers:
      Accept:
      - application/json,*.*;q=0.9
      Accept-Encoding:
      - gzip, deflate
      Cache-Control:
      - no-cache
      Connection:
      - keep-alive
      Content-Type:
      - application/json
      User-Agent:
      - python-requests/2.32.0
      X-Atlassian-Token:
      - no-check
    method: GET
    uri: https://example.com/rest/api/2/issuetype
  response:
    body:
      string: '[{"self":"https://example.com/rest/api/2/issuetype/3","id":"3","description":"Represents
        a small unit of work that is not end-user facing.","iconUrl":"https://example.com/secure/viewavatar?size=xsmall&avatarId=13278&avatarType=issuetype","name":"Task","subtask":false,"avatarId":13278},{"self":"https://example.com/rest/api/2/issuetype/5","id":"5","description":"The
        sub-task of the issue","iconUrl":"https://example.com/secure/viewavatar?size=xsmall&avatarId=13276&avatarType=issuetype","name":"Sub-task","subtask":true,"avatarId":13276},{"self":"https://example.com/rest/api/2/issuetype/17","id":"17","description":"Created
        by Jira Software - do not edit or delete. Issue type for a user story.","iconUrl":"https://example.com/secure/viewavatar?size=xsmall&avatarId=13275&avatarType=issuetype","name":"Story","subtask":false,"avatarId":13275},{"self":"https://example.com/rest/api/2/issuetype/1","id":"1","description":"A
        problem that impairs or prevents the functions of the product.","iconUrl":"https://example.com/secure/viewavatar?size=xsmall&avatarId=13263&avatarType=issuetype","name":"Bug","subtask":false,"avatarId":13263},{"self":"https://example.com/rest/api/2/issuetype/16","id":"16","description":"Created
        by Jira Software - do not edit or delete. Issue type for a big user story
        that needs to be broken down.","iconUrl":"https://example.com/secure/viewavatar?size=xsmall&avatarId=13267&avatarType=issuetype","name":"Epic","subtask":false,"avatarId":13267},{"self":"https://example.com/rest/api/2/issuetype/11406","id":"11406","description":"Expresses
        areas of concern for a project or program''s success.","iconUrl":"https://example.com/secure/viewavatar?size=xsmall&avatarId=13268&avatarType=issuetype","name":"Risk","subtask":false,"avatarId":13268},{"self":"https://example.com/rest/api/2/issuetype/2","id":"2","description":"Feature
        requests from customers and/or users","iconUrl":"https://example.com/secure/viewavatar?size=xsmall&avatarId=13271&avatarType=issuetype","name":"Feature
        Request","subtask":false,"avatarId":13271},{"self":"https://example.com/rest/api/2/issuetype/13","id":"13","description":"An
        enhancement to or refactoring of existing functionality that is not configurable
        by an end user (typically a change made by an internal team that affects users)","iconUrl":"https://example.com/secure/viewavatar?size=xsmall&avatarId=13269&avatarType=issuetype","name":"Enhancement","subtask":false,"avatarId":13269},{"self":"https://example.com/rest/api/2/issuetype/18","id":"18","description":"A
        technical task.","iconUrl":"https://example.com/secure/viewavatar?size=xsmall&avatarId=17260&avatarType=issuetype","name":"Technical
        task","subtask":true,"avatarId":17260},{"self":"https://example.com/rest/api/2/issuetype/11403","id":"11403","description":"Used
        to track RCA work with specific custom fields defined by the QE Closed Loop
        Process.","iconUrl":"https://example.com/secure/viewavatar?size=xsmall&avatarId=13269&avatarType=issuetype","name":"Closed
        Loop","subtask":false,"avatarId":13269},{"self":"https://example.com/rest/api/2/issuetype/8","id":"8","description":"A
        one-off patch related to a customer support case, provided by Support and
        not Engineering","iconUrl":"https://example.com/secure/viewavatar?size=xsmall&avatarId=13270&avatarType=issuetype","name":"Support
        Patch","subtask":false,"avatarId":13270},{"self":"https://example.com/rest/api/2/issuetype/4","id":"4","description":"An
        improvement or enhancement to an existing feature or task. Includes patches
        submitted by community commiters.","iconUrl":"https://example.com/secure/viewavatar?size=xsmall&avatarId=13270&avatarType=issuetype","name":"Patch","subtask":false,"avatarId":13270},{"self":"https://example.com/rest/api/2/issuetype/7","id":"7","description":"Indicates
        a possible testsuite challenge","iconUrl":"https://example.com/secure/viewavatar?size=xsmall&avatarId=17262&avatarType=issuetype","name":"CTS
        Challenge","subtask":false,"avatarId":17262},{"self":"https://example.com/rest/api/2/issuetype/9","id":"9","description":"A
        container task to coordinate the tasks for a given release.","iconUrl":"https://example.com/secure/viewavatar?size=xsmall&avatarId=17261&avatarType=issuetype","name":"Release","subtask":false,"avatarId":17261},{"self":"https://example.com/rest/api/2/issuetype/10","id":"10","description":"A
        potential bug.","iconUrl":"https://example.com/secure/viewavatar?size=xsmall&avatarId=13268&avatarType=issuetype","name":"Quality
        Risk","subtask":false,"avatarId":13268},{"self":"https://example.com/rest/api/2/issuetype/11","id":"11","description":"A
        subtask tracking an update to a bundled component","iconUrl":"https://example.com/secure/viewavatar?size=xsmall&avatarId=13270&avatarType=issuetype","name":"Component
        Upgrade Subtask","subtask":true,"avatarId":13270},{"self":"https://example.com/rest/api/2/issuetype/12","id":"12","description":"A
        task tracking an update to a bundled component or revision of component upstream
        of the project.","iconUrl":"https://example.com/secure/viewavatar?size=xsmall&avatarId=13270&avatarType=issuetype","name":"Component
        Upgrade","subtask":false,"avatarId":13270},{"self":"https://example.com/rest/api/2/issuetype/10100","id":"10100","description":"A
        large product/portfolio goal or focus area that has clear start and completion
        criteria","iconUrl":"https://example.com/secure/viewavatar?size=xsmall&avatarId=17261&avatarType=issuetype","name":"Initiative","subtask":false,"avatarId":17261},{"self":"https://example.com/rest/api/2/issuetype/12102","id":"12102","description":"Organizational
        objective focused on a measurable outcome. May be in support of larger strategic
        goals.","iconUrl":"https://example.com/secure/viewavatar?size=xsmall&avatarId=13260&avatarType=issuetype","name":"Outcome","subtask":false,"avatarId":13260},{"self":"https://example.com/rest/api/2/issuetype/10800","id":"10800","description":"Represents
        a research-related task.''","iconUrl":"https://example.com/secure/viewavatar?size=xsmall&avatarId=37062&avatarType=issuetype","name":"Spike","subtask":false,"avatarId":37062},{"self":"https://example.com/rest/api/2/issuetype/12200","id":"12200","description":"Represents
        a Test","iconUrl":"https://example.com/download/resources/com.xpandit.plugins.xray/images/test.png","name":"Test","subtask":false},{"self":"https://example.com/rest/api/2/issuetype/12201","id":"12201","description":"Represents
        a Test Set","iconUrl":"https://example.com/download/resources/com.xpandit.plugins.xray/images/test-set.png","name":"Test
        Set","subtask":false},{"self":"https://example.com/rest/api/2/issuetype/12202","id":"12202","description":"Represents
        a Test Execution","iconUrl":"https://example.com/download/resources/com.xpandit.plugins.xray/images/test-execution.png","name":"Test
        Execution","subtask":false},{"self":"https://example.com/rest/api/2/issuetype/12203","id":"12203","description":"Represents
        a Pre-Condition","iconUrl":"https://example.com/download/resources/com.xpandit.plugins.xray/images/pre-condition.png","name":"Pre-Condition","subtask":false},{"self":"https://example.com/rest/api/2/issuetype/12204","id":"12204","description":"Represents
        a Test Plan","iconUrl":"https://example.com/download/resources/com.xpandit.plugins.xray/images/test-plan.png","name":"Test
        Plan","subtask":false},{"self":"https://example.com/rest/api/2/issuetype/12205","id":"12205","description":"Represents
        a Sub Test Execution","iconUrl":"https://example.com/download/resources/com.xpandit.plugins.xray/images/sub-test-execution.png","name":"Sub
        Test Execution","subtask":true},{"self":"https://example.com/rest/api/2/issuetype/14","id":"14","description":"Upgrade
        of a library dependency","iconUrl":"https://example.com/secure/viewavatar?size=xsmall&avatarId=17260&avatarType=issuetype","name":"Library
        Upgrade","subtask":false,"avatarId":17260},{"self":"https://example.com/rest/api/2/issuetype/15","id":"15","description":"A
        clarification needed to a specification based on community feedback","iconUrl":"https://example.com/secure/viewavatar?size=xsmall&avatarId=13278&avatarType=issuetype","name":"Clarification","subtask":false,"avatarId":13278},{"self":"https://example.com/rest/api/2/issuetype/19","id":"19","description":"Issue
        tracking a bug fix or improvement in another component","iconUrl":"https://example.com/secure/viewavatar?size=xsmall&avatarId=13280&avatarType=issuetype","name":"Tracker","subtask":false,"avatarId":13280},{"self":"https://example.com/rest/api/2/issuetype/20","id":"20","description":"Used
        for conducting internal reviews of our products and process with 3rd party
        auditors","iconUrl":"https://example.com/secure/viewavatar?size=xsmall&avatarId=13275&avatarType=issuetype","name":"Requirement","subtask":false,"avatarId":13275},{"self":"https://example.com/rest/api/2/issuetype/21","id":"21","description":"Same
        as Requirement type but for subtasks","iconUrl":"https://example.com/secure/viewavatar?size=xsmall&avatarId=13276&avatarType=issuetype","name":"Sub-requirement
        ","subtask":true,"avatarId":13276},{"self":"https://example.com/rest/api/2/issuetype/22","id":"22","description":"","iconUrl":"https://example.com/secure/viewavatar?size=xsmall&avatarId=13266&avatarType=issuetype","name":"Documentation","subtask":false,"avatarId":13266},{"self":"https://example.com/rest/api/2/issuetype/24","id":"24","description":"Support
        Request","iconUrl":"https://example.com/secure/viewavatar?size=xsmall&avatarId=13264&avatarType=issuetype","name":"Support
        Request","subtask":false,"avatarId":13264},{"self":"https://example.com/rest/api/2/issuetype/10000","id":"10000","description":"","iconUrl":"https://example.com/secure/viewavatar?size=xsmall&avatarId=13266&avatarType=issuetype","name":"Content
        Change","subtask":false,"avatarId":13266},{"self":"https://example.com/rest/api/2/issuetype/10001","id":"10001","description":"","iconUrl":"https://example.com/secure/viewavatar?size=xsmall&avatarId=13278&avatarType=issuetype","name":"Technical
        Requirement","subtask":false,"avatarId":13278},{"self":"https://example.com/rest/api/2/issuetype/10002","id":"10002","description":"","iconUrl":"https://example.com/secure/viewavatar?size=xsmall&avatarId=13274&avatarType=issuetype","name":"Business
        Requirement","subtask":false,"avatarId":13274},{"self":"https://example.com/rest/api/2/issuetype/10300","id":"10300","description":"Development
        task","iconUrl":"https://example.com/secure/viewavatar?size=xsmall&avatarId=17260&avatarType=issuetype","name":"Dev
        Task","subtask":false,"avatarId":17260},{"self":"https://example.com/rest/api/2/issuetype/10301","id":"10301","description":"QE
        Task","iconUrl":"https://example.com/secure/viewavatar?size=xsmall&avatarId=13278&avatarType=issuetype","name":"QE
        Task","subtask":false,"avatarId":13278},{"self":"https://example.com/rest/api/2/issuetype/10302","id":"10302","description":"Docs
        Task","iconUrl":"https://example.com/secure/viewavatar?size=xsmall&avatarId=13266&avatarType=issuetype","name":"Docs
        Task","subtask":false,"avatarId":13266},{"self":"https://example.com/rest/api/2/issuetype/10400","id":"10400","description":"Objectives
        and Key Results","iconUrl":"https://example.com/secure/viewavatar?size=xsmall&avatarId=13274&avatarType=issuetype","name":"OKR","subtask":false,"avatarId":13274},{"self":"https://example.com/rest/api/2/issuetype/10500","id":"10500","description":"Policies
        are the way we interact with our work and with each other.","iconUrl":"https://example.com/secure/viewavatar?size=xsmall&avatarId=13266&avatarType=issuetype","name":"Policy","subtask":false,"avatarId":13266},{"self":"https://example.com/rest/api/2/issuetype/10600","id":"10600","description":"","iconUrl":"https://example.com/secure/viewavatar?size=xsmall&avatarId=13280&avatarType=issuetype","name":"Question","subtask":false,"avatarId":13280},{"self":"https://example.com/rest/api/2/issuetype/10601","id":"10601","description":"","iconUrl":"https://example.com/secure/viewavatar?size=xsmall&avatarId=17261&avatarType=issuetype","name":"Analysis","subtask":false,"avatarId":17261},{"self":"https://example.com/rest/api/2/issuetype/10700","id":"10700","description":"Capability
        or a well-defined set of functionality that delivers business value. Features
        can include additions or changes to existing functionality. Features can easily
        span multiple teams, and potentially multiple releases.","iconUrl":"https://example.com/secure/viewavatar?size=xsmall&avatarId=13271&avatarType=issuetype","name":"Feature","subtask":false,"avatarId":13271},{"self":"https://example.com/rest/api/2/issuetype/10701","id":"10701","description":"","iconUrl":"https://example.com/secure/viewavatar?size=xsmall&avatarId=10300&avatarType=issuetype","name":"Request","subtask":false},{"self":"https://example.com/rest/api/2/issuetype/10702","id":"10702","description":"Customer-impacting
        issue requiring coordinated response","iconUrl":"https://example.com/secure/viewavatar?size=xsmall&avatarId=10304&avatarType=issuetype","name":"Flare","subtask":false},{"self":"https://example.com/rest/api/2/issuetype/10900","id":"10900","description":"This
        issue type is created for Service Desk functions in Jira Software","iconUrl":"https://example.com/secure/viewavatar?size=xsmall&avatarId=13275&avatarType=issuetype","name":"Service
        Request","subtask":false,"avatarId":13275},{"self":"https://example.com/rest/api/2/issuetype/10901","id":"10901","description":"Used
        to represent an interrupt request identifying a problem that must be addressed,
        usually from customer support","iconUrl":"https://example.com/secure/viewavatar?size=xsmall&avatarId=13264&avatarType=issuetype","name":"Incident","subtask":false,"avatarId":13264},{"self":"https://example.com/rest/api/2/issuetype/10902","id":"10902","description":"Custom
        Task issuetype for OCSPLAT","iconUrl":"https://example.com/secure/viewavatar?size=xsmall&avatarId=13278&avatarType=issuetype","name":"Platform","subtask":false,"avatarId":13278},{"self":"https://example.com/rest/api/2/issuetype/11000","id":"11000","description":"A
        request for change, often with an approval step at the beginning to confirm
        the change.","iconUrl":"https://example.com/secure/viewavatar?size=xsmall&avatarId=17261&avatarType=issuetype","name":"Change
        Request","subtask":false,"avatarId":17261},{"self":"https://example.com/rest/api/2/issuetype/11100","id":"11100","description":"","iconUrl":"https://example.com/secure/viewavatar?size=xsmall&avatarId=13260&avatarType=issuetype","name":"Support
        Exception","subtask":false,"avatarId":13260},{"self":"https://example.com/rest/api/2/issuetype/11101","id":"11101","description":"","iconUrl":"https://example.com/secure/viewavatar?size=xsmall&avatarId=13276&avatarType=issuetype","name":"Review","subtask":true,"avatarId":13276},{"self":"https://example.com/rest/api/2/issuetype/11200","id":"11200","description":"","iconUrl":"https://example.com/secure/viewavatar?size=xsmall&avatarId=13260&avatarType=issuetype","name":"Simple
        Task","subtask":false,"avatarId":13260},{"self":"https://example.com/rest/api/2/issuetype/11201","id":"11201","description":"The
        sub-task of the issue used to track related QE work","iconUrl":"https://example.com/secure/viewavatar?size=xsmall&avatarId=13273&avatarType=issuetype","name":"QE
        Sub-task","subtask":true,"avatarId":13273},{"self":"https://example.com/rest/api/2/issuetype/11202","id":"11202","description":"The
        sub-task of the issue used to track related development work","iconUrl":"https://example.com/secure/viewavatar?size=xsmall&avatarId=17260&avatarType=issuetype","name":"Dev
        Sub-task","subtask":true,"avatarId":17260},{"self":"https://example.com/rest/api/2/issuetype/11203","id":"11203","description":"The
        sub-task of the issue used to track related documentation work","iconUrl":"https://example.com/secure/viewavatar?size=xsmall&avatarId=13266&avatarType=issuetype","name":"Docs
        Sub-task","subtask":true,"avatarId":13266},{"self":"https://example.com/rest/api/2/issuetype/11204","id":"11204","description":"","iconUrl":"https://example.com/secure/viewavatar?size=xsmall&avatarId=13271&avatarType=issuetype","name":"Simple
        Sub-task","subtask":true,"avatarId":13271},{"self":"https://example.com/rest/api/2/issuetype/11300","id":"11300","description":"","iconUrl":"https://example.com/secure/viewavatar?size=xsmall&avatarId=13270&avatarType=issuetype","name":"Next
        Action","subtask":false,"avatarId":13270},{"self":"https://example.com/rest/api/2/issuetype/11400","id":"11400","description":"This
        is a Business Unit Initiative a.k.a. \"BUI\"","iconUrl":"https://example.com/secure/viewavatar?size=xsmall&avatarId=17261&avatarType=issuetype","name":"BU
        Initiative","subtask":false,"avatarId":17261},{"self":"https://example.com/rest/api/2/issuetype/11401","id":"11401","description":"","iconUrl":"https://example.com/secure/viewavatar?size=xsmall&avatarId=13260&avatarType=issuetype","name":"RFE","subtask":false,"avatarId":13260},{"self":"https://example.com/rest/api/2/issuetype/11402","id":"11402","description":"General
        issue to be triaged","iconUrl":"https://example.com/secure/viewavatar?size=xsmall&avatarId=13260&avatarType=issuetype","name":"Issue","subtask":false,"avatarId":13260},{"self":"https://example.com/rest/api/2/issuetype/11404","id":"11404","description":"HSS
        PA tracking issue for Milestones","iconUrl":"https://example.com/secure/viewavatar?size=xsmall&avatarId=13260&avatarType=issuetype","name":"Milestone","subtask":false,"avatarId":13260},{"self":"https://example.com/rest/api/2/issuetype/11405","id":"11405","description":"","iconUrl":"https://example.com/secure/viewavatar?size=xsmall&avatarId=13260&avatarType=issuetype","name":"Build
        Task","subtask":false,"avatarId":13260},{"self":"https://example.com/rest/api/2/issuetype/11407","id":"11407","description":"RT355021","iconUrl":"https://example.com/secure/viewavatar?size=xsmall&avatarId=13270&avatarType=issuetype","name":"Report","subtask":false,"avatarId":13270},{"self":"https://example.com/rest/api/2/issuetype/11408","id":"11408","description":"","iconUrl":"https://example.com/secure/viewavatar?size=xsmall&avatarId=13260&avatarType=issuetype","name":"Schedule","subtask":false,"avatarId":13260},{"self":"https://example.com/rest/api/2/issuetype/11409","id":"11409","description":"For
        Documentation Issues","iconUrl":"https://example.com/secure/viewavatar?size=xsmall&avatarId=13260&avatarType=issuetype","name":"Doc","subtask":false,"avatarId":13260},{"self":"https://example.com/rest/api/2/issuetype/11410","id":"11410","description":"Mixed
        type for Feature as Story","iconUrl":"https://example.com/secure/viewavatar?size=xsmall&avatarId=13275&avatarType=issuetype","name":"Technical
        Feature","subtask":false,"avatarId":13275},{"self":"https://example.com/rest/api/2/issuetype/11411","id":"11411","description":"Used
        for grouping release operations, typically to identify milestones associated
        with shipping a major release","iconUrl":"https://example.com/secure/viewavatar?size=xsmall&avatarId=13273&avatarType=issuetype","name":"Release
        Milestone","subtask":false,"avatarId":13273},{"self":"https://example.com/rest/api/2/issuetype/11412","id":"11412","description":"tracks
        major releases","iconUrl":"https://example.com/secure/viewavatar?size=xsmall&avatarId=13275&avatarType=issuetype","name":"Release
        tracker","subtask":false,"avatarId":13275},{"self":"https://example.com/rest/api/2/issuetype/11413","id":"11413","description":"Generic
        Service issue or operations request from an end user.","iconUrl":"https://example.com/secure/viewavatar?size=xsmall&avatarId=13260&avatarType=issuetype","name":"Ticket","subtask":false,"avatarId":13260},{"self":"https://example.com/rest/api/2/issuetype/11414","id":"11414","description":"Higher
        level than an epic","iconUrl":"https://example.com/secure/viewavatar?size=xsmall&avatarId=13271&avatarType=issuetype","name":"Project","subtask":false,"avatarId":13271},{"self":"https://example.com/rest/api/2/issuetype/11415","id":"11415","description":"Root
        Cause Analysis","iconUrl":"https://example.com/secure/viewavatar?size=xsmall&avatarId=13269&avatarType=issuetype","name":"Root
        Cause Analysis","subtask":false,"avatarId":13269},{"self":"https://example.com/rest/api/2/issuetype/11416","id":"11416","description":"","iconUrl":"https://example.com/secure/viewavatar?size=xsmall&avatarId=13264&avatarType=issuetype","name":"Weather-item","subtask":false,"avatarId":13264},{"self":"https://example.com/rest/api/2/issuetype/11417","id":"11417","description":"","iconUrl":"https://example.com/secure/viewavatar?size=xsmall&avatarId=13278&avatarType=issuetype","name":"Ad-Hoc
        Task","subtask":false,"avatarId":13278},{"self":"https://example.com/rest/api/2/issuetype/11419","id":"11419","description":"","iconUrl":"https://example.com/secure/viewavatar?size=xsmall&avatarId=17261&avatarType=issuetype","name":"Stakeholder
        Request","subtask":false,"avatarId":17261},{"self":"https://example.com/rest/api/2/issuetype/11600","id":"11600","description":"A
        defect that needs to be fixed before Story can be \"Done\"","iconUrl":"https://example.com/secure/viewavatar?size=xsmall&avatarId=13263&avatarType=issuetype","name":"Story
        Bug","subtask":true,"avatarId":13263},{"self":"https://example.com/rest/api/2/issuetype/11700","id":"11700","description":"","iconUrl":"https://example.com/secure/viewavatar?size=xsmall&avatarId=39777&avatarType=issuetype","name":"Info","subtask":false,"avatarId":39777},{"self":"https://example.com/rest/api/2/issuetype/11701","id":"11701","description":"","iconUrl":"https://example.com/secure/viewavatar?size=xsmall&avatarId=13260&avatarType=issuetype","name":"Team
        Improvement","subtask":false,"avatarId":13260},{"self":"https://example.com/rest/api/2/issuetype/11702","id":"11702","description":"","iconUrl":"https://example.com/secure/viewavatar?size=xsmall&avatarId=13260&avatarType=issuetype","name":"Wireframe","subtask":false,"avatarId":13260},{"self":"https://example.com/rest/api/2/issuetype/11800","id":"11800","description":"Product
        Security Supply Chain Security Exception","iconUrl":"https://example.com/secure/viewavatar?size=xsmall&avatarId=39905&avatarType=issuetype","name":"Supply
        Chain Exception","subtask":false,"avatarId":39905},{"self":"https://example.com/rest/api/2/issuetype/11900","id":"11900","description":"ProdSec
        Software Security Exception","iconUrl":"https://example.com/secure/viewavatar?size=xsmall&avatarId=40577&avatarType=issuetype","name":"Software
        Security Exception","subtask":false,"avatarId":40577},{"self":"https://example.com/rest/api/2/issuetype/12100","id":"12100","description":"","iconUrl":"https://example.com/secure/viewavatar?size=xsmall&avatarId=13260&avatarType=issuetype","name":"Objective","subtask":false,"avatarId":13260},{"self":"https://example.com/rest/api/2/issuetype/12101","id":"12101","description":"Large,
        strategic focus area typically defined by leadership teams to achieve organizational
        long-term vision.","iconUrl":"https://example.com/secure/viewavatar?size=xsmall&avatarId=50977&avatarType=issuetype","name":"Strategic
        Goal","subtask":false,"avatarId":50977},{"self":"https://example.com/rest/api/2/issuetype/12300","id":"12300","description":"","iconUrl":"https://example.com/secure/viewavatar?size=xsmall&avatarId=13260&avatarType=issuetype","name":"Vulnerability","subtask":false,"avatarId":13260},{"self":"https://example.com/rest/api/2/issuetype/12301","id":"12301","description":"","iconUrl":"https://example.com/secure/viewavatar?size=xsmall&avatarId=53261&avatarType=issuetype","name":"Weakness","subtask":false,"avatarId":53261},{"self":"https://example.com/rest/api/2/issuetype/23","id":"23","description":"A
        new feature of the product, which has yet to be developed.","iconUrl":"https://example.com/secure/viewavatar?size=xsmall&avatarId=13271&avatarType=issuetype","name":"New
        Feature","subtask":false,"avatarId":13271},{"self":"https://example.com/rest/api/2/issuetype/10200","id":"10200","description":"An
        improvement or enhancement to an existing feature or task.","iconUrl":"https://example.com/secure/viewavatar?size=xsmall&avatarId=13270&avatarType=issuetype","name":"Improvement","subtask":false,"avatarId":13270}]'
    headers:
      Cache-Control:
      - max-age=0, no-cache, no-store
      Connection:
      - keep-alive
      Content-Type:
      - application/json;charset=UTF-8
      Date:
      - Mon, 17 Jun 2024 12:45:05 GMT
      Expires:
      - Mon, 17 Jun 2024 12:45:05 GMT
      Pragma:
      - no-cache
      Retry-After:
      - '0'
      Vary:
      - User-Agent
      - Accept-Encoding
      X-RateLimit-Limit:
      - '-1'
      X-RateLimit-Remaining:
      - '9223372036854775807'
      content-length:
      - '26200'
      referrer-policy:
      - strict-origin-when-cross-origin
      strict-transport-security:
      - max-age=31536000
      x-anodeid:
      - rh1-jira-dc-stg-mpp-0
      x-arequestid:
      - 765x384882x1
      x-asessionid:
      - 1mnb1xa
      x-content-type-options:
      - nosniff
      x-frame-options:
      - SAMEORIGIN
      x-ratelimit-fillrate:
      - '-1'
      x-ratelimit-interval-seconds:
      - '1'
      x-rh-edge-cache-status:
      - NotCacheable from child
      x-rh-edge-reference-id:
      - 0.7df06e68.1718628304.f9f4ac7
      x-rh-edge-request-id:
      - f9f4ac7
      x-seraph-loginreason:
      - OK
      x-xss-protection:
      - 1; mode=block
    status:
      code: 200
      message: OK
- request:
    body: null
    headers:
      Accept:
      - application/json,*.*;q=0.9
      Accept-Encoding:
      - gzip, deflate
      Cache-Control:
      - no-cache
      Connection:
      - keep-alive
      Content-Type:
      - application/json
      User-Agent:
      - python-requests/2.32.0
      X-Atlassian-Token:
      - no-check
    method: GET
    uri: https://example.com/rest/api/2/project/OSIM
  response:
    body:
      string: '{"expand": "description,lead,url,projectKeys", "self": "https://example.com/rest/api/2/project/12337520",
        "id": "12337520", "key": "OSIM", "description": "This project will serve Incident
        Response team as a task repository, managing the workflow in PSIR and integrating
        with OSIDB.", "lead": {"self": "https://example.com/rest/api/2/user?username=concosta@redhat.com",
        "key": "JIRAUSER196381", "name": "concosta@redhat.com", "avatarUrls": {"48x48":
        "https://example.com/secure/useravatar?ownerId=JIRAUSER196381&avatarId=41326",
        "24x24": "https://example.com/secure/useravatar?size=small&ownerId=JIRAUSER196381&avatarId=41326",
        "16x16": "https://example.com/secure/useravatar?size=xsmall&ownerId=JIRAUSER196381&avatarId=41326",
        "32x32": "https://example.com/secure/useravatar?size=medium&ownerId=JIRAUSER196381&avatarId=41326"},
        "displayName": "Conrado Costa", "active": true}, "components": [], "issueTypes":
        [{"self": "https://example.com/rest/api/2/issuetype/3", "id": "3", "description":
        "Represents a small unit of work that is not end-user facing.", "iconUrl":
        "https://example.com/secure/viewavatar?size=xsmall&avatarId=13278&avatarType=issuetype",
        "name": "Task", "subtask": false, "avatarId": 13278}, {"self": "https://example.com/rest/api/2/issuetype/5",
        "id": "5", "description": "The sub-task of the issue", "iconUrl": "https://example.com/secure/viewavatar?size=xsmall&avatarId=13276&avatarType=issuetype",
        "name": "Sub-task", "subtask": true, "avatarId": 13276}, {"self": "https://example.com/rest/api/2/issuetype/17",
        "id": "17", "description": "Created by Jira Software - do not edit or delete.
        Issue type for a user story.", "iconUrl": "https://example.com/secure/viewavatar?size=xsmall&avatarId=13275&avatarType=issuetype",
        "name": "Story", "subtask": false, "avatarId": 13275}, {"self": "https://example.com/rest/api/2/issuetype/1",
        "id": "1", "description": "A problem that impairs or prevents the functions
        of the product.", "iconUrl": "https://example.com/secure/viewavatar?size=xsmall&avatarId=13263&avatarType=issuetype",
        "name": "Bug", "subtask": false, "avatarId": 13263}, {"self": "https://example.com/rest/api/2/issuetype/16",
        "id": "16", "description": "Created by Jira Software - do not edit or delete.
        Issue type for a big user story that needs to be broken down.", "iconUrl":
        "https://example.com/secure/viewavatar?size=xsmall&avatarId=13267&avatarType=issuetype",
        "name": "Epic", "subtask": false, "avatarId": 13267}, {"self": "https://example.com/rest/api/2/issuetype/11406",
        "id": "11406", "description": "Expresses areas of concern for a project or
        program''s success.", "iconUrl": "https://example.com/secure/viewavatar?size=xsmall&avatarId=13268&avatarType=issuetype",
        "name": "Risk", "subtask": false, "avatarId": 13268}], "assigneeType": "UNASSIGNED",
        "versions": [], "name": "Open Security Issue Manager", "roles": {"Scrum master":
        "https://example.com/rest/api/2/project/12337520/role/10540", "Developers":
        "https://example.com/rest/api/2/project/12337520/role/10001", "Administrators":
        "https://example.com/rest/api/2/project/12337520/role/10002", "Approver":
        "https://example.com/rest/api/2/project/12337520/role/10840", "Viewers": "https://example.com/rest/api/2/project/12337520/role/10440",
        "Users": "https://example.com/rest/api/2/project/12337520/role/10000", "Curriculum
        Developer External": "https://example.com/rest/api/2/project/12337520/role/11140"},
        "avatarUrls": {"48x48": "https://example.com/secure/projectavatar?pid=12337520&avatarId=12560",
        "24x24": "https://example.com/secure/projectavatar?size=small&pid=12337520&avatarId=12560",
        "16x16": "https://example.com/secure/projectavatar?size=xsmall&pid=12337520&avatarId=12560",
        "32x32": "https://example.com/secure/projectavatar?size=medium&pid=12337520&avatarId=12560"},
        "projectTypeKey": "software", "archived": false}'
    headers:
      Cache-Control:
      - max-age=0, no-cache, no-store
      Connection:
      - keep-alive
      Content-Type:
      - application/json;charset=UTF-8
      Date:
      - Mon, 17 Jun 2024 12:45:05 GMT
      Expires:
      - Mon, 17 Jun 2024 12:45:05 GMT
      Pragma:
      - no-cache
      Retry-After:
      - '0'
      Vary:
      - User-Agent
      - Accept-Encoding
      X-RateLimit-Limit:
      - '-1'
      X-RateLimit-Remaining:
      - '9223372036854775807'
      content-length:
      - '4024'
      referrer-policy:
      - strict-origin-when-cross-origin
      strict-transport-security:
      - max-age=31536000
      x-anodeid:
      - rh1-jira-dc-stg-mpp-0
      x-arequestid:
      - 765x384884x2
      x-asessionid:
      - 8zmtxk
      x-content-type-options:
      - nosniff
      x-frame-options:
      - SAMEORIGIN
      x-ratelimit-fillrate:
      - '-1'
      x-ratelimit-interval-seconds:
      - '1'
      x-rh-edge-cache-status:
      - NotCacheable from child
      x-rh-edge-reference-id:
      - 0.7df06e68.1718628305.f9f4b82
      x-rh-edge-request-id:
      - f9f4b82
      x-seraph-loginreason:
      - OK
      x-xss-protection:
      - 1; mode=block
    status:
      code: 200
      message: OK
- request:
    body: '{"fields": {"issuetype": {"id": "17"}, "project": {"id": "12337520"}, "summary":
      "CVE-2020-8911 Use of risky cryptographic algorithm in github.com/aws/aws-sdk-go",
      "description": "The Go AWS S3 Crypto SDK contains vulnerabilities that can permit
      an attacker with write access to a bucket to decrypt files in that bucket.\n\nFiles
      encrypted by the V1 EncryptionClient using either the AES-CBC content cipher
      or the KMS key wrap algorithm are vulnerable. Users should migrate to the V1
      EncryptionClientV2 API, which will not create vulnerable files. Old files will
      remain vulnerable until re-encrypted with the new client.", "labels": ["flawuuid:6b041a11-be2c-4b52-9a86-329e45225b8a",
      "impact:"], "priority": {"name": "Undefined"}}}'
    headers:
      Accept:
      - application/json,*.*;q=0.9
      Accept-Encoding:
      - gzip, deflate
      Cache-Control:
      - no-cache
      Connection:
      - keep-alive
      Content-Length:
      - '730'
      Content-Type:
      - application/json
      User-Agent:
      - python-requests/2.32.0
      X-Atlassian-Token:
      - no-check
    method: POST
    uri: https://example.com/rest/api/2/issue
  response:
    body:
      string: '{"id": "15942553", "key": "OSIM-16313", "self": "https://example.com/rest/api/2/issue/15942553"}'
    headers:
      Cache-Control:
      - max-age=0, no-cache, no-store
      Connection:
      - keep-alive
      Content-Type:
      - application/json;charset=UTF-8
      Date:
      - Mon, 17 Jun 2024 12:45:06 GMT
      Expires:
      - Mon, 17 Jun 2024 12:45:06 GMT
      Pragma:
      - no-cache
      Retry-After:
      - '0'
      Vary:
      - User-Agent
      - Accept-Encoding
      X-RateLimit-Limit:
      - '-1'
      X-RateLimit-Remaining:
      - '9223372036854775807'
      content-length:
      - '103'
      referrer-policy:
      - strict-origin-when-cross-origin
      strict-transport-security:
      - max-age=31536000
      x-anodeid:
      - rh1-jira-dc-stg-mpp-0
      x-arequestid:
      - 765x384885x2
      x-asessionid:
      - xs48qk
      x-content-type-options:
      - nosniff
      x-frame-options:
      - SAMEORIGIN
      x-ratelimit-fillrate:
      - '-1'
      x-ratelimit-interval-seconds:
      - '1'
      x-rh-edge-cache-status:
      - NotCacheable from child
      x-rh-edge-reference-id:
      - 0.7df06e68.1718628305.f9f4ce8
      x-rh-edge-request-id:
      - f9f4ce8
      x-seraph-loginreason:
      - OK
      x-xss-protection:
      - 1; mode=block
    status:
      code: 201
      message: Created
- request:
    body: null
    headers:
      Accept:
      - application/json,*.*;q=0.9
      Accept-Encoding:
      - gzip, deflate
      Cache-Control:
      - no-cache
      Connection:
      - keep-alive
      Content-Type:
      - application/json
      User-Agent:
      - python-requests/2.32.0
      X-Atlassian-Token:
      - no-check
    method: GET
    uri: https://example.com/rest/api/2/issue/OSIM-16313
  response:
    body:
      string: '{"expand": "renderedFields,names,schema,operations,editmeta,changelog,versionedRepresentations",
        "id": "15942553", "self": "https://example.com/rest/api/2/issue/15942553",
        "key": "OSIM-16313", "fields": {"issuetype": {"self": "https://example.com/rest/api/2/issuetype/17",
        "id": "17", "description": "Created by Jira Software - do not edit or delete.
        Issue type for a user story.", "iconUrl": "https://example.com/secure/viewavatar?size=xsmall&avatarId=13275&avatarType=issuetype",
        "name": "Story", "subtask": false, "avatarId": 13275}, "customfield_12324544":
        "0.0", "customfield_12318341": null, "timespent": null, "customfield_12320940":
        null, "project": {"self": "https://example.com/rest/api/2/project/12337520",
        "id": "12337520", "key": "OSIM", "name": "Open Security Issue Manager", "projectTypeKey":
        "software", "avatarUrls": {"48x48": "https://example.com/secure/projectavatar?pid=12337520&avatarId=12560",
        "24x24": "https://example.com/secure/projectavatar?size=small&pid=12337520&avatarId=12560",
        "16x16": "https://example.com/secure/projectavatar?size=xsmall&pid=12337520&avatarId=12560",
        "32x32": "https://example.com/secure/projectavatar?size=medium&pid=12337520&avatarId=12560"}},
        "fixVersions": [], "customfield_12320944": null, "aggregatetimespent": null,
        "resolution": null, "customfield_12310220": null, "customfield_12314740":
        "{summaryBean=com.atlassian.jira.plugin.devstatus.rest.SummaryBean@ddeb741[summary={pullrequest=com.atlassian.jira.plugin.devstatus.rest.SummaryItemBean@50663a8d[overall=PullRequestOverallBean{stateCount=0,
        state=''OPEN'', details=PullRequestOverallDetails{openCount=0, mergedCount=0,
        declinedCount=0}},byInstanceType={}], build=com.atlassian.jira.plugin.devstatus.rest.SummaryItemBean@ebe48fd[overall=com.atlassian.jira.plugin.devstatus.summary.beans.BuildOverallBean@6fedb9f5[failedBuildCount=0,successfulBuildCount=0,unknownBuildCount=0,count=0,lastUpdated=<null>,lastUpdatedTimestamp=<null>],byInstanceType={}],
        review=com.atlassian.jira.plugin.devstatus.rest.SummaryItemBean@1dccc97[overall=com.atlassian.jira.plugin.devstatus.summary.beans.ReviewsOverallBean@6372a5ce[stateCount=0,state=<null>,dueDate=<null>,overDue=false,count=0,lastUpdated=<null>,lastUpdatedTimestamp=<null>],byInstanceType={}],
        deployment-environment=com.atlassian.jira.plugin.devstatus.rest.SummaryItemBean@1ff7f0fd[overall=com.atlassian.jira.plugin.devstatus.summary.beans.DeploymentOverallBean@1dd7c0e7[topEnvironments=[],showProjects=false,successfulCount=0,count=0,lastUpdated=<null>,lastUpdatedTimestamp=<null>],byInstanceType={}],
        repository=com.atlassian.jira.plugin.devstatus.rest.SummaryItemBean@7a880fbe[overall=com.atlassian.jira.plugin.devstatus.summary.beans.CommitOverallBean@c2299f4[count=0,lastUpdated=<null>,lastUpdatedTimestamp=<null>],byInstanceType={}],
        branch=com.atlassian.jira.plugin.devstatus.rest.SummaryItemBean@2cf2f095[overall=com.atlassian.jira.plugin.devstatus.summary.beans.BranchOverallBean@f81cd14[count=0,lastUpdated=<null>,lastUpdatedTimestamp=<null>],byInstanceType={}]},errors=[],configErrors=[]],
        devSummaryJson={\"cachedValue\":{\"errors\":[],\"configErrors\":[],\"summary\":{\"pullrequest\":{\"overall\":{\"count\":0,\"lastUpdated\":null,\"stateCount\":0,\"state\":\"OPEN\",\"details\":{\"openCount\":0,\"mergedCount\":0,\"declinedCount\":0,\"total\":0},\"open\":true},\"byInstanceType\":{}},\"build\":{\"overall\":{\"count\":0,\"lastUpdated\":null,\"failedBuildCount\":0,\"successfulBuildCount\":0,\"unknownBuildCount\":0},\"byInstanceType\":{}},\"review\":{\"overall\":{\"count\":0,\"lastUpdated\":null,\"stateCount\":0,\"state\":null,\"dueDate\":null,\"overDue\":false,\"completed\":false},\"byInstanceType\":{}},\"deployment-environment\":{\"overall\":{\"count\":0,\"lastUpdated\":null,\"topEnvironments\":[],\"showProjects\":false,\"successfulCount\":0},\"byInstanceType\":{}},\"repository\":{\"overall\":{\"count\":0,\"lastUpdated\":null},\"byInstanceType\":{}},\"branch\":{\"overall\":{\"count\":0,\"lastUpdated\":null},\"byInstanceType\":{}}}},\"isStale\":false}}",
        "resolutiondate": null, "workratio": -1, "customfield_12316840": null, "customfield_12317379":
        null, "customfield_12316841": null, "customfield_12315950": null, "customfield_12310940":
        null, "customfield_12319040": null, "lastViewed": null, "watches": {"self":
        "https://example.com/rest/api/2/issue/OSIM-16313/watchers", "watchCount":
        1, "isWatching": true}, "created": "2024-06-17T12:45:05.822+0000", "customfield_12321240":
        null, "customfield_12313140": null, "priority": {"self": "https://example.com/rest/api/2/priority/10300",
        "iconUrl": "https://example.com/images/icons/priorities/trivial.svg", "name":
        "Undefined", "id": "10300"}, "labels": ["flawuuid:6b041a11-be2c-4b52-9a86-329e45225b8a",
        "impact:"], "customfield_12320947": [{"self": "https://example.com/rest/api/2/customFieldOption/27714",
        "value": "Unclassified", "id": "27714", "disabled": false}], "customfield_12320946":
        {"self": "https://example.com/rest/api/2/customFieldOption/27705", "value":
        "False", "id": "27705", "disabled": false}, "aggregatetimeoriginalestimate":
        null, "timeestimate": null, "versions": [], "issuelinks": [], "customfield_12325240":
        null, "assignee": null, "updated": "2024-06-17T12:45:05.822+0000", "customfield_12313942":
        null, "customfield_12313941": null, "status": {"self": "https://example.com/rest/api/2/status/10016",
        "description": "Initial creation status. Implies nothing yet and should be
        very short lived; also can be a Bugzilla status.", "iconUrl": "https://example.com/images/icons/statuses/generic.png",
        "name": "New", "id": "10016", "statusCategory": {"self": "https://example.com/rest/api/2/statuscategory/2",
        "id": 2, "key": "new", "colorName": "default", "name": "To Do"}}, "components":
        [], "timeoriginalestimate": null, "description": "The Go AWS S3 Crypto SDK
        contains vulnerabilities that can permit an attacker with write access to
        a bucket to decrypt files in that bucket.\n\nFiles encrypted by the V1 EncryptionClient
        using either the AES-CBC content cipher or the KMS key wrap algorithm are
        vulnerable. Users should migrate to the V1 EncryptionClientV2 API, which will
        not create vulnerable files. Old files will remain vulnerable until re-encrypted
        with the new client.", "customfield_12314040": null, "customfield_12320844":
        null, "archiveddate": null, "timetracking": {}, "customfield_12320842": null,
        "customfield_12310243": null, "attachment": [], "aggregatetimeestimate": null,
        "customfield_12316542": {"self": "https://example.com/rest/api/2/customFieldOption/14655",
        "value": "False", "id": "14655", "disabled": false}, "customfield_12317313":
        null, "customfield_12316543": {"self": "https://example.com/rest/api/2/customFieldOption/14657",
        "value": "False", "id": "14657", "disabled": false}, "customfield_12310840":
        "9223372036854775807", "customfield_12316544": "None", "customfield_12323640":
        null, "summary": "CVE-2020-8911 Use of risky cryptographic algorithm in github.com/aws/aws-sdk-go",
        "customfield_12323642": null, "creator": {"self": "https://example.com/rest/api/2/user?username=nobody%40redhat.com",
        "name": "nobody@redhat.com", "key": "nobody", "emailAddress": "nobody+stage@redhat.com",
        "avatarUrls": {"48x48": "https://example.com/secure/useravatar?ownerId=nobody&avatarId=29772",
        "24x24": "https://example.com/secure/useravatar?size=small&ownerId=nobody&avatarId=29772",
        "16x16": "https://example.com/secure/useravatar?size=xsmall&ownerId=nobody&avatarId=29772",
        "32x32": "https://example.com/secure/useravatar?size=medium&ownerId=nobody&avatarId=29772"},
        "displayName": "nobody", "active": true, "timeZone": "Europe/Prague"},
        "customfield_12323641": null, "subtasks": [], "customfield_12321140": null,
        "reporter": {"self": "https://example.com/rest/api/2/user?username=nobody%40redhat.com",
        "name": "nobody@redhat.com", "key": "nobody", "emailAddress": "nobody+stage@redhat.com",
        "avatarUrls": {"48x48": "https://example.com/secure/useravatar?ownerId=nobody&avatarId=29772",
        "24x24": "https://example.com/secure/useravatar?size=small&ownerId=nobody&avatarId=29772",
        "16x16": "https://example.com/secure/useravatar?size=xsmall&ownerId=nobody&avatarId=29772",
        "32x32": "https://example.com/secure/useravatar?size=medium&ownerId=nobody&avatarId=29772"},
        "displayName": "nobody", "active": true, "timeZone": "Europe/Prague"},
        "customfield_12320850": null, "aggregateprogress": {"progress": 0, "total":
        0}, "customfield_12323644": null, "customfield_12323643": null, "customfield_12323646":
        null, "customfield_12323645": null, "environment": null, "customfield_12315542":
        null, "customfield_12315740": null, "customfield_12313441": "", "customfield_12313440":
        "0.0", "customfield_12313240": null, "duedate": null, "customfield_12311140":
        null, "customfield_12319742": null, "progress": {"progress": 0, "total": 0},
        "comment": {"comments": [], "maxResults": 0, "total": 0, "startAt": 0}, "votes":
        {"self": "https://example.com/rest/api/2/issue/OSIM-16313/votes", "votes":
        0, "hasVoted": false}, "customfield_12319743": null, "worklog": {"startAt":
        0, "maxResults": 20, "total": 0, "worklogs": []}, "customfield_12310213":
        null, "archivedby": null, "customfield_12311940": "1|zemjps:"}}'
    headers:
      Cache-Control:
      - max-age=0, no-cache, no-store
      Connection:
      - keep-alive
      Content-Type:
      - application/json;charset=UTF-8
      Date:
      - Mon, 17 Jun 2024 12:45:07 GMT
      Expires:
      - Mon, 17 Jun 2024 12:45:07 GMT
      Pragma:
      - no-cache
      Retry-After:
      - '0'
      Vary:
      - User-Agent
      - Accept-Encoding
      X-RateLimit-Limit:
      - '-1'
      X-RateLimit-Remaining:
      - '9223372036854775807'
      content-length:
      - '9223'
      referrer-policy:
      - strict-origin-when-cross-origin
      strict-transport-security:
      - max-age=31536000
      x-anodeid:
      - rh1-jira-dc-stg-mpp-0
      x-arequestid:
      - 765x384887x1
      x-asessionid:
      - 1tin3oy
      x-content-type-options:
      - nosniff
      x-frame-options:
      - SAMEORIGIN
      x-ratelimit-fillrate:
      - '-1'
      x-ratelimit-interval-seconds:
      - '1'
      x-rh-edge-cache-status:
      - NotCacheable from child
      x-rh-edge-reference-id:
      - 0.7df06e68.1718628306.f9f505e
      x-rh-edge-request-id:
      - f9f505e
      x-seraph-loginreason:
      - OK
      x-xss-protection:
      - 1; mode=block
    status:
      code: 200
      message: OK
- request:
    body: null
    headers:
      Accept:
      - '*/*'
      Accept-Encoding:
      - gzip, deflate
      Connection:
      - keep-alive
      Content-Type:
      - application/json
      User-Agent:
      - python-bugzilla/3.2.0
    method: GET
    uri: https://example.com/rest/version
  response:
    body:
      string: '{"version": "5.0.4.rh97"}'
    headers:
      Access-Control-Allow-Headers:
      - origin, content-type, accept, x-requested-with
      Access-Control-Allow-Origin:
      - '*'
      Cache-Control:
      - private, must-revalidate
      Connection:
      - keep-alive
      Content-Length:
      - '24'
      Content-Type:
      - application/json; charset=UTF-8
      Date:
      - Mon, 17 Jun 2024 12:45:07 GMT
      Strict-Transport-Security:
      - max-age=63072000; includeSubDomains
      X-content-type-options:
      - nosniff
      X-xss-protection:
      - 1; mode=block
      x-rh-edge-cache-status:
      - Miss from child, Miss from parent
      x-rh-edge-reference-id:
      - 0.8ef06e68.1718628307.17c9ee51
      x-rh-edge-request-id:
      - 17c9ee51
    status:
      code: 200
      message: OK
- request:
    body: null
    headers:
      Accept:
      - '*/*'
      Accept-Encoding:
      - gzip, deflate
      Connection:
      - keep-alive
      Content-Type:
      - application/json
      User-Agent:
      - python-bugzilla/3.2.0
    method: GET
    uri: https://example.com/rest/user?ids=1
  response:
    body:
      string: '{"users": [{"id": 1, "email": "aander07@packetmaster.com", "name":
        "aander07@packetmaster.com", "can_login": true, "real_name": "Need Real Name"}]}'
    headers:
      Access-Control-Allow-Headers:
      - origin, content-type, accept, x-requested-with
      Access-Control-Allow-Origin:
      - '*'
      Cache-Control:
      - private, must-revalidate
      Connection:
      - keep-alive
      Content-Length:
      - '137'
      Content-Type:
      - application/json; charset=UTF-8
      Date:
      - Mon, 17 Jun 2024 12:45:07 GMT
      Strict-Transport-Security:
      - max-age=63072000; includeSubDomains
      X-content-type-options:
      - nosniff
      X-xss-protection:
      - 1; mode=block
      x-rh-edge-cache-status:
      - Miss from child, Miss from parent
      x-rh-edge-reference-id:
      - 0.8ef06e68.1718628307.17c9ef1f
      x-rh-edge-request-id:
      - 17c9ef1f
    status:
      code: 200
      message: OK
- request:
    body: '{"product": "Security Response", "op_sys": "Linux", "platform": "All",
      "version": "unspecified", "component": "vulnerability-draft", "cf_release_notes":
      "", "severity": "unspecified", "priority": "unspecified", "summary": "CVE-2020-8911
      Use of risky cryptographic algorithm in github.com/aws/aws-sdk-go", "description":
      "The Go AWS S3 Crypto SDK contains vulnerabilities that can permit an attacker
      with write access to a bucket to decrypt files in that bucket.\n\nFiles encrypted
      by the V1 EncryptionClient using either the AES-CBC content cipher or the KMS
      key wrap algorithm are vulnerable. Users should migrate to the V1 EncryptionClientV2
      API, which will not create vulnerable files. Old files will remain vulnerable
      until re-encrypted with the new client.", "comment_is_private": false, "alias":
      ["CVE-2020-8911"], "keywords": ["Security"], "flags": [], "groups": ["redhat"],
      "cc": [], "cf_srtnotes": "{\"reported\": \"2024-06-17T12:45:04Z\", \"external_ids\":
      [\"GO-2022-0646/CVE-2020-8911\"], \"references\": [{\"type\": \"source\", \"url\":
      \"https://osv.dev/vulnerability/GO-2022-0646\", \"description\": null}, {\"type\":
      \"external\", \"url\": \"https://aws.amazon.com/blogs/developer/updates-to-the-amazon-s3-encryption-client/?s=09\",
      \"description\": null}, {\"type\": \"external\", \"url\": \"https://github.com/aws/aws-sdk-go/pull/3403\",
      \"description\": null}, {\"type\": \"external\", \"url\": \"https://github.com/aws/aws-sdk-go/commit/ae9b9fd92af132cfd8d879809d8611825ba135f4\",
      \"description\": null}], \"source\": \"osv\"}"}'
    headers:
      Accept:
      - '*/*'
      Accept-Encoding:
      - gzip, deflate
      Connection:
      - keep-alive
      Content-Length:
      - '1548'
      Content-Type:
      - application/json
      User-Agent:
      - python-bugzilla/3.2.0
    method: POST
    uri: https://example.com/rest/bug
  response:
    body:
      string: '{"id": 2293432}'
    headers:
      Access-Control-Allow-Headers:
      - origin, content-type, accept, x-requested-with
      Access-Control-Allow-Origin:
      - '*'
      Cache-Control:
      - private, must-revalidate
      Connection:
      - keep-alive
      Content-Length:
      - '14'
      Content-Type:
      - application/json; charset=UTF-8
      Date:
      - Mon, 17 Jun 2024 12:45:09 GMT
      Strict-Transport-Security:
      - max-age=63072000; includeSubDomains
      X-content-type-options:
      - nosniff
      X-xss-protection:
      - 1; mode=block
      x-rh-edge-cache-status:
      - Miss from child, Miss from parent
      x-rh-edge-reference-id:
      - 0.8ef06e68.1718628308.17c9f0ac
      x-rh-edge-request-id:
      - 17c9f0ac
    status:
      code: 200
      message: OK
- request:
    body: null
    headers:
      Accept:
      - '*/*'
      Accept-Encoding:
      - gzip, deflate
      Connection:
      - keep-alive
      Content-Type:
      - application/json
      User-Agent:
      - python-bugzilla/3.2.0
    method: GET
    uri: https://example.com/rest/version
  response:
    body:
      string: '{"version": "5.0.4.rh97"}'
    headers:
      Access-Control-Allow-Headers:
      - origin, content-type, accept, x-requested-with
      Access-Control-Allow-Origin:
      - '*'
      Cache-Control:
      - private, must-revalidate
      Connection:
      - keep-alive
      Content-Length:
      - '24'
      Content-Type:
      - application/json; charset=UTF-8
      Date:
      - Mon, 17 Jun 2024 12:45:10 GMT
      Strict-Transport-Security:
      - max-age=63072000; includeSubDomains
      X-content-type-options:
      - nosniff
      X-xss-protection:
      - 1; mode=block
      x-rh-edge-cache-status:
      - Miss from child, Miss from parent
      x-rh-edge-reference-id:
      - 0.7df06e68.1718628309.f9f58cc
      x-rh-edge-request-id:
      - f9f58cc
    status:
      code: 200
      message: OK
- request:
    body: null
    headers:
      Accept:
      - '*/*'
      Accept-Encoding:
      - gzip, deflate
      Connection:
      - keep-alive
      Content-Type:
      - application/json
      User-Agent:
      - python-bugzilla/3.2.0
    method: GET
    uri: https://example.com/rest/user?ids=1
  response:
    body:
      string: '{"users": [{"real_name": "Need Real Name", "can_login": true, "id":
        1, "email": "aander07@packetmaster.com", "name": "aander07@packetmaster.com"}]}'
    headers:
      Access-Control-Allow-Headers:
      - origin, content-type, accept, x-requested-with
      Access-Control-Allow-Origin:
      - '*'
      Cache-Control:
      - private, must-revalidate
      Connection:
      - keep-alive
      Content-Length:
      - '137'
      Content-Type:
      - application/json; charset=UTF-8
      Date:
      - Mon, 17 Jun 2024 12:45:10 GMT
      Strict-Transport-Security:
      - max-age=63072000; includeSubDomains
      X-content-type-options:
      - nosniff
      X-xss-protection:
      - 1; mode=block
      x-rh-edge-cache-status:
      - Miss from child, Miss from parent
      x-rh-edge-reference-id:
      - 0.7df06e68.1718628310.f9f599d
      x-rh-edge-request-id:
      - f9f599d
    status:
      code: 200
      message: OK
- request:
    body: null
    headers:
      Accept:
      - '*/*'
      Accept-Encoding:
      - gzip, deflate
      Connection:
      - keep-alive
      Content-Type:
      - application/json
      User-Agent:
      - python-bugzilla/3.2.0
    method: GET
    uri: https://example.com/rest/bug/2293432?extra_fields=comments&extra_fields=description&extra_fields=external_bugs&extra_fields=flags&extra_fields=sub_components&extra_fields=tags
  response:
    body:
      string: '{"bugs": [{"dupe_of": null, "is_confirmed": true, "comments": [{"id":
        18020059, "count": 0, "is_private": false, "tags": [], "creator_id": 425662,
        "attachment_id": null, "text": "The Go AWS S3 Crypto SDK contains vulnerabilities
        that can permit an attacker with write access to a bucket to decrypt files
        in that bucket.\n\nFiles encrypted by the V1 EncryptionClient using either
        the AES-CBC content cipher or the KMS key wrap algorithm are vulnerable. Users
        should migrate to the V1 EncryptionClientV2 API, which will not create vulnerable
        files. Old files will remain vulnerable until re-encrypted with the new client.",
        "private_groups": [], "time": "2024-06-17T12:45:08Z", "bug_id": 2293432, "creation_time":
        "2024-06-17T12:45:08Z", "creator": "nobody@redhat.com"}], "priority": "unspecified",
        "resolution": "", "cf_doc_type": "If docs needed, set a value", "cf_internal_whiteboard":
        "", "depends_on": [], "id": 2293432, "component": ["vulnerability-draft"],
        "whiteboard": "", "blocks": [], "deadline": null, "url": "", "status": "NEW",
        "groups": ["redhat"], "external_bugs": [], "version": ["unspecified"], "creator":
        "nobody@redhat.com", "cf_last_closed": null, "is_open": true, "cf_pm_score":
        "0", "cf_qe_conditional_nak": [], "creator_detail": {"id": 425662, "partner":
        false, "name": "nobody@redhat.com", "email": "nobody@redhat.com", "real_name":
        "nobody", "insider": true, "active": true}, "sub_components": {},
        "assigned_to_detail": {"active": true, "real_name": "Product Security DevOps
        Team", "insider": true, "id": 377884, "name": "prodsec-dev@redhat.com", "partner":
        false, "email": "prodsec-dev@redhat.com"}, "data_category": "Red Hat", "cf_build_id":
        "", "cf_cust_facing": "---", "update_token": "1718628311-gBneIDvP7PIdlf3QklYBOWiZX2PPzOYkXJIscnr1WjE",
        "cc": [], "flags": [], "op_sys": "Linux", "alias": ["CVE-2020-8911"], "cf_environment":
        "", "cf_major_incident": null, "last_change_time": "2024-06-17T12:45:08Z",
        "target_release": ["---"], "cf_conditional_nak": [], "target_milestone": "---",
        "cf_srtnotes": "{\"reported\": \"2024-06-17T12:45:04Z\", \"external_ids\":
        [\"GO-2022-0646/CVE-2020-8911\"], \"references\": [{\"type\": \"source\",
        \"url\": \"https://example.com/vulnerability/GO-2022-0646\", \"description\":
        null}, {\"type\": \"external\", \"url\": \"https://example.com/blogs/developer/updates-to-the-amazon-s3-encryption-client/?s=09\",
        \"description\": null}, {\"type\": \"external\", \"url\": \"https://example.com/aws/aws-sdk-go/pull/3403\",
        \"description\": null}, {\"type\": \"external\", \"url\": \"https://example.com/aws/aws-sdk-go/commit/ae9b9fd92af132cfd8d879809d8611825ba135f4\",
        \"description\": null}], \"source\": \"osv\"}", "creation_time": "2024-06-17T12:45:08Z",
        "cf_embargoed": null, "description": "The Go AWS S3 Crypto SDK contains vulnerabilities
        that can permit an attacker with write access to a bucket to decrypt files
        in that bucket.\n\nFiles encrypted by the V1 EncryptionClient using either
        the AES-CBC content cipher or the KMS key wrap algorithm are vulnerable. Users
        should migrate to the V1 EncryptionClientV2 API, which will not create vulnerable
        files. Old files will remain vulnerable until re-encrypted with the new client.",
        "tags": [], "remaining_time": 0, "is_creator_accessible": true, "cc_detail":
        [], "platform": "All", "actual_time": 0, "is_cc_accessible": true, "cf_qa_whiteboard":
        "", "cf_pgm_internal": "", "product": "Security Response", "cf_clone_of":
        null, "qa_contact": "", "assigned_to": "prodsec-dev@redhat.com", "severity":
        "unspecified", "summary": "CVE-2020-8911 Use of risky cryptographic algorithm
        in github.com/aws/aws-sdk-go", "cf_release_notes": "", "classification": "Other",
        "keywords": ["Security"], "cf_devel_whiteboard": "", "estimated_time": 0,
        "docs_contact": "", "cf_fixed_in": ""}], "faults": []}'
    headers:
      Access-Control-Allow-Headers:
      - origin, content-type, accept, x-requested-with
      Access-Control-Allow-Origin:
      - '*'
      Cache-Control:
      - private, must-revalidate
      Connection:
      - keep-alive
      Content-Type:
      - application/json; charset=UTF-8
      Date:
      - Mon, 17 Jun 2024 12:45:11 GMT
      Strict-Transport-Security:
      - max-age=63072000; includeSubDomains
      Vary:
      - Accept-Encoding
      X-content-type-options:
      - nosniff
      X-xss-protection:
      - 1; mode=block
      content-length:
      - '3630'
      x-rh-edge-cache-status:
      - Miss from child, Miss from parent
      x-rh-edge-reference-id:
      - 0.7df06e68.1718628310.f9f5a8f
      x-rh-edge-request-id:
      - f9f5a8f
    status:
      code: 200
      message: OK
- request:
    body: null
    headers:
      Accept:
      - '*/*'
      Accept-Encoding:
      - gzip, deflate
      Connection:
      - keep-alive
      Content-Type:
      - application/json
      User-Agent:
      - python-bugzilla/3.2.0
    method: GET
    uri: https://example.com/rest/bug/2293432?extra_fields=comments&extra_fields=description&extra_fields=external_bugs&extra_fields=flags&extra_fields=sub_components&extra_fields=tags
  response:
    body:
      string: '{"bugs": [{"data_category": "Red Hat", "classification": "Other", "is_creator_accessible":
        true, "cf_srtnotes": "{\"reported\": \"2024-06-17T12:45:04Z\", \"external_ids\":
        [\"GO-2022-0646/CVE-2020-8911\"], \"references\": [{\"type\": \"source\",
        \"url\": \"https://example.com/vulnerability/GO-2022-0646\", \"description\":
        null}, {\"type\": \"external\", \"url\": \"https://example.com/blogs/developer/updates-to-the-amazon-s3-encryption-client/?s=09\",
        \"description\": null}, {\"type\": \"external\", \"url\": \"https://example.com/aws/aws-sdk-go/pull/3403\",
        \"description\": null}, {\"type\": \"external\", \"url\": \"https://example.com/aws/aws-sdk-go/commit/ae9b9fd92af132cfd8d879809d8611825ba135f4\",
        \"description\": null}], \"source\": \"osv\"}", "qa_contact": "", "description":
        "The Go AWS S3 Crypto SDK contains vulnerabilities that can permit an attacker
        with write access to a bucket to decrypt files in that bucket.\n\nFiles encrypted
        by the V1 EncryptionClient using either the AES-CBC content cipher or the
        KMS key wrap algorithm are vulnerable. Users should migrate to the V1 EncryptionClientV2
        API, which will not create vulnerable files. Old files will remain vulnerable
        until re-encrypted with the new client.", "component": ["vulnerability-draft"],
        "cf_doc_type": "If docs needed, set a value", "sub_components": {}, "cf_clone_of":
        null, "target_release": ["---"], "assigned_to_detail": {"name": "prodsec-dev@redhat.com",
        "email": "prodsec-dev@redhat.com", "id": 377884, "active": true, "real_name":
        "Product Security DevOps Team", "insider": true, "partner": false}, "assigned_to":
        "prodsec-dev@redhat.com", "platform": "All", "cf_devel_whiteboard": "", "cf_major_incident":
        null, "is_cc_accessible": true, "cf_pgm_internal": "", "comments": [{"creator_id":
        425662, "time": "2024-06-17T12:45:08Z", "creator": "nobody@redhat.com",
        "text": "The Go AWS S3 Crypto SDK contains vulnerabilities that can permit
        an attacker with write access to a bucket to decrypt files in that bucket.\n\nFiles
        encrypted by the V1 EncryptionClient using either the AES-CBC content cipher
        or the KMS key wrap algorithm are vulnerable. Users should migrate to the
        V1 EncryptionClientV2 API, which will not create vulnerable files. Old files
        will remain vulnerable until re-encrypted with the new client.", "tags": [],
        "id": 18020059, "private_groups": [], "count": 0, "bug_id": 2293432, "is_private":
        false, "creation_time": "2024-06-17T12:45:08Z", "attachment_id": null}], "depends_on":
        [], "cf_conditional_nak": [], "keywords": ["Security"], "cf_qa_whiteboard":
        "", "cf_embargoed": null, "docs_contact": "", "id": 2293432, "priority": "unspecified",
        "url": "", "alias": ["CVE-2020-8911"], "cf_cust_facing": "---", "cc": [],
        "severity": "unspecified", "cf_internal_whiteboard": "", "version": ["unspecified"],
        "cf_environment": "", "flags": [], "cc_detail": [], "cf_build_id": "", "update_token":
        "1718628311-gBneIDvP7PIdlf3QklYBOWiZX2PPzOYkXJIscnr1WjE", "cf_pm_score": "0",
        "actual_time": 0, "blocks": [], "is_confirmed": true, "resolution": "", "dupe_of":
        null, "last_change_time": "2024-06-17T12:45:08Z", "cf_last_closed": null,
        "summary": "CVE-2020-8911 Use of risky cryptographic algorithm in github.com/aws/aws-sdk-go",
        "creator_detail": {"partner": false, "active": true, "real_name": "nobody",
        "insider": true, "email": "nobody@redhat.com", "id": 425662, "name": "nobody@redhat.com"},
        "cf_qe_conditional_nak": [], "op_sys": "Linux", "creation_time": "2024-06-17T12:45:08Z",
        "external_bugs": [], "product": "Security Response", "estimated_time": 0,
        "tags": [], "deadline": null, "groups": ["redhat"], "creator": "nobody@redhat.com",
        "remaining_time": 0, "cf_release_notes": "", "target_milestone": "---", "whiteboard":
        "", "status": "NEW", "cf_fixed_in": "", "is_open": true}], "faults": []}'
    headers:
      Access-Control-Allow-Headers:
      - origin, content-type, accept, x-requested-with
      Access-Control-Allow-Origin:
      - '*'
      Cache-Control:
      - private, must-revalidate
      Connection:
      - keep-alive
      Content-Type:
      - application/json; charset=UTF-8
      Date:
      - Mon, 17 Jun 2024 12:45:11 GMT
      Strict-Transport-Security:
      - max-age=63072000; includeSubDomains
      Vary:
      - Accept-Encoding
      X-content-type-options:
      - nosniff
      X-xss-protection:
      - 1; mode=block
      content-length:
      - '3630'
      x-rh-edge-cache-status:
      - Miss from child, Miss from parent
      x-rh-edge-reference-id:
      - 0.7df06e68.1718628311.f9f5c4e
      x-rh-edge-request-id:
      - f9f5c4e
    status:
      code: 200
      message: OK
- request:
    body: null
    headers:
      Accept:
      - '*/*'
      Accept-Encoding:
      - gzip, deflate
      Connection:
      - keep-alive
      Content-Type:
      - application/json
      User-Agent:
      - python-bugzilla/3.2.0
    method: GET
    uri: https://example.com/rest/bug/2293432/comment
  response:
    body:
      string: '{"bugs": {"2293432": {"comments": [{"text": "The Go AWS S3 Crypto SDK
        contains vulnerabilities that can permit an attacker with write access to
        a bucket to decrypt files in that bucket.\n\nFiles encrypted by the V1 EncryptionClient
        using either the AES-CBC content cipher or the KMS key wrap algorithm are
        vulnerable. Users should migrate to the V1 EncryptionClientV2 API, which will
        not create vulnerable files. Old files will remain vulnerable until re-encrypted
        with the new client.", "private_groups": [], "time": "2024-06-17T12:45:08Z",
        "creator": "nobody@redhat.com", "creation_time": "2024-06-17T12:45:08Z",
        "bug_id": 2293432, "tags": [], "creator_id": 425662, "is_private": false,
        "count": 0, "id": 18020059, "attachment_id": null}]}}, "comments": {}}'
    headers:
      Access-Control-Allow-Headers:
      - origin, content-type, accept, x-requested-with
      Access-Control-Allow-Origin:
      - '*'
      Cache-Control:
      - private, must-revalidate
      Connection:
      - keep-alive
      Content-Length:
      - '733'
      Content-Type:
      - application/json; charset=UTF-8
      Date:
      - Mon, 17 Jun 2024 12:45:12 GMT
      Strict-Transport-Security:
      - max-age=63072000; includeSubDomains
      X-content-type-options:
      - nosniff
      X-xss-protection:
      - 1; mode=block
      x-rh-edge-cache-status:
      - Miss from child, Miss from parent
      x-rh-edge-reference-id:
      - 0.7df06e68.1718628311.f9f5eb9
      x-rh-edge-request-id:
      - f9f5eb9
    status:
      code: 200
      message: OK
- request:
    body: null
    headers:
      Accept:
      - application/json,*.*;q=0.9
      Accept-Encoding:
      - gzip, deflate
      Cache-Control:
      - no-cache
      Connection:
      - keep-alive
      Content-Type:
      - application/json
      User-Agent:
      - python-requests/2.32.0
      X-Atlassian-Token:
      - no-check
    method: GET
    uri: https://example.com/rest/api/2/issuetype
  response:
    body:
      string: '[{"self":"https://example.com/rest/api/2/issuetype/3","id":"3","description":"Represents
        a small unit of work that is not end-user facing.","iconUrl":"https://example.com/secure/viewavatar?size=xsmall&avatarId=13278&avatarType=issuetype","name":"Task","subtask":false,"avatarId":13278},{"self":"https://example.com/rest/api/2/issuetype/5","id":"5","description":"The
        sub-task of the issue","iconUrl":"https://example.com/secure/viewavatar?size=xsmall&avatarId=13276&avatarType=issuetype","name":"Sub-task","subtask":true,"avatarId":13276},{"self":"https://example.com/rest/api/2/issuetype/17","id":"17","description":"Created
        by Jira Software - do not edit or delete. Issue type for a user story.","iconUrl":"https://example.com/secure/viewavatar?size=xsmall&avatarId=13275&avatarType=issuetype","name":"Story","subtask":false,"avatarId":13275},{"self":"https://example.com/rest/api/2/issuetype/1","id":"1","description":"A
        problem that impairs or prevents the functions of the product.","iconUrl":"https://example.com/secure/viewavatar?size=xsmall&avatarId=13263&avatarType=issuetype","name":"Bug","subtask":false,"avatarId":13263},{"self":"https://example.com/rest/api/2/issuetype/16","id":"16","description":"Created
        by Jira Software - do not edit or delete. Issue type for a big user story
        that needs to be broken down.","iconUrl":"https://example.com/secure/viewavatar?size=xsmall&avatarId=13267&avatarType=issuetype","name":"Epic","subtask":false,"avatarId":13267},{"self":"https://example.com/rest/api/2/issuetype/11406","id":"11406","description":"Expresses
        areas of concern for a project or program''s success.","iconUrl":"https://example.com/secure/viewavatar?size=xsmall&avatarId=13268&avatarType=issuetype","name":"Risk","subtask":false,"avatarId":13268},{"self":"https://example.com/rest/api/2/issuetype/2","id":"2","description":"Feature
        requests from customers and/or users","iconUrl":"https://example.com/secure/viewavatar?size=xsmall&avatarId=13271&avatarType=issuetype","name":"Feature
        Request","subtask":false,"avatarId":13271},{"self":"https://example.com/rest/api/2/issuetype/13","id":"13","description":"An
        enhancement to or refactoring of existing functionality that is not configurable
        by an end user (typically a change made by an internal team that affects users)","iconUrl":"https://example.com/secure/viewavatar?size=xsmall&avatarId=13269&avatarType=issuetype","name":"Enhancement","subtask":false,"avatarId":13269},{"self":"https://example.com/rest/api/2/issuetype/18","id":"18","description":"A
        technical task.","iconUrl":"https://example.com/secure/viewavatar?size=xsmall&avatarId=17260&avatarType=issuetype","name":"Technical
        task","subtask":true,"avatarId":17260},{"self":"https://example.com/rest/api/2/issuetype/11403","id":"11403","description":"Used
        to track RCA work with specific custom fields defined by the QE Closed Loop
        Process.","iconUrl":"https://example.com/secure/viewavatar?size=xsmall&avatarId=13269&avatarType=issuetype","name":"Closed
        Loop","subtask":false,"avatarId":13269},{"self":"https://example.com/rest/api/2/issuetype/8","id":"8","description":"A
        one-off patch related to a customer support case, provided by Support and
        not Engineering","iconUrl":"https://example.com/secure/viewavatar?size=xsmall&avatarId=13270&avatarType=issuetype","name":"Support
        Patch","subtask":false,"avatarId":13270},{"self":"https://example.com/rest/api/2/issuetype/4","id":"4","description":"An
        improvement or enhancement to an existing feature or task. Includes patches
        submitted by community commiters.","iconUrl":"https://example.com/secure/viewavatar?size=xsmall&avatarId=13270&avatarType=issuetype","name":"Patch","subtask":false,"avatarId":13270},{"self":"https://example.com/rest/api/2/issuetype/7","id":"7","description":"Indicates
        a possible testsuite challenge","iconUrl":"https://example.com/secure/viewavatar?size=xsmall&avatarId=17262&avatarType=issuetype","name":"CTS
        Challenge","subtask":false,"avatarId":17262},{"self":"https://example.com/rest/api/2/issuetype/9","id":"9","description":"A
        container task to coordinate the tasks for a given release.","iconUrl":"https://example.com/secure/viewavatar?size=xsmall&avatarId=17261&avatarType=issuetype","name":"Release","subtask":false,"avatarId":17261},{"self":"https://example.com/rest/api/2/issuetype/10","id":"10","description":"A
        potential bug.","iconUrl":"https://example.com/secure/viewavatar?size=xsmall&avatarId=13268&avatarType=issuetype","name":"Quality
        Risk","subtask":false,"avatarId":13268},{"self":"https://example.com/rest/api/2/issuetype/11","id":"11","description":"A
        subtask tracking an update to a bundled component","iconUrl":"https://example.com/secure/viewavatar?size=xsmall&avatarId=13270&avatarType=issuetype","name":"Component
        Upgrade Subtask","subtask":true,"avatarId":13270},{"self":"https://example.com/rest/api/2/issuetype/12","id":"12","description":"A
        task tracking an update to a bundled component or revision of component upstream
        of the project.","iconUrl":"https://example.com/secure/viewavatar?size=xsmall&avatarId=13270&avatarType=issuetype","name":"Component
        Upgrade","subtask":false,"avatarId":13270},{"self":"https://example.com/rest/api/2/issuetype/10100","id":"10100","description":"A
        large product/portfolio goal or focus area that has clear start and completion
        criteria","iconUrl":"https://example.com/secure/viewavatar?size=xsmall&avatarId=17261&avatarType=issuetype","name":"Initiative","subtask":false,"avatarId":17261},{"self":"https://example.com/rest/api/2/issuetype/12102","id":"12102","description":"Organizational
        objective focused on a measurable outcome. May be in support of larger strategic
        goals.","iconUrl":"https://example.com/secure/viewavatar?size=xsmall&avatarId=13260&avatarType=issuetype","name":"Outcome","subtask":false,"avatarId":13260},{"self":"https://example.com/rest/api/2/issuetype/10800","id":"10800","description":"Represents
        a research-related task.''","iconUrl":"https://example.com/secure/viewavatar?size=xsmall&avatarId=37062&avatarType=issuetype","name":"Spike","subtask":false,"avatarId":37062},{"self":"https://example.com/rest/api/2/issuetype/12200","id":"12200","description":"Represents
        a Test","iconUrl":"https://example.com/download/resources/com.xpandit.plugins.xray/images/test.png","name":"Test","subtask":false},{"self":"https://example.com/rest/api/2/issuetype/12201","id":"12201","description":"Represents
        a Test Set","iconUrl":"https://example.com/download/resources/com.xpandit.plugins.xray/images/test-set.png","name":"Test
        Set","subtask":false},{"self":"https://example.com/rest/api/2/issuetype/12202","id":"12202","description":"Represents
        a Test Execution","iconUrl":"https://example.com/download/resources/com.xpandit.plugins.xray/images/test-execution.png","name":"Test
        Execution","subtask":false},{"self":"https://example.com/rest/api/2/issuetype/12203","id":"12203","description":"Represents
        a Pre-Condition","iconUrl":"https://example.com/download/resources/com.xpandit.plugins.xray/images/pre-condition.png","name":"Pre-Condition","subtask":false},{"self":"https://example.com/rest/api/2/issuetype/12204","id":"12204","description":"Represents
        a Test Plan","iconUrl":"https://example.com/download/resources/com.xpandit.plugins.xray/images/test-plan.png","name":"Test
        Plan","subtask":false},{"self":"https://example.com/rest/api/2/issuetype/12205","id":"12205","description":"Represents
        a Sub Test Execution","iconUrl":"https://example.com/download/resources/com.xpandit.plugins.xray/images/sub-test-execution.png","name":"Sub
        Test Execution","subtask":true},{"self":"https://example.com/rest/api/2/issuetype/14","id":"14","description":"Upgrade
        of a library dependency","iconUrl":"https://example.com/secure/viewavatar?size=xsmall&avatarId=17260&avatarType=issuetype","name":"Library
        Upgrade","subtask":false,"avatarId":17260},{"self":"https://example.com/rest/api/2/issuetype/15","id":"15","description":"A
        clarification needed to a specification based on community feedback","iconUrl":"https://example.com/secure/viewavatar?size=xsmall&avatarId=13278&avatarType=issuetype","name":"Clarification","subtask":false,"avatarId":13278},{"self":"https://example.com/rest/api/2/issuetype/19","id":"19","description":"Issue
        tracking a bug fix or improvement in another component","iconUrl":"https://example.com/secure/viewavatar?size=xsmall&avatarId=13280&avatarType=issuetype","name":"Tracker","subtask":false,"avatarId":13280},{"self":"https://example.com/rest/api/2/issuetype/20","id":"20","description":"Used
        for conducting internal reviews of our products and process with 3rd party
        auditors","iconUrl":"https://example.com/secure/viewavatar?size=xsmall&avatarId=13275&avatarType=issuetype","name":"Requirement","subtask":false,"avatarId":13275},{"self":"https://example.com/rest/api/2/issuetype/21","id":"21","description":"Same
        as Requirement type but for subtasks","iconUrl":"https://example.com/secure/viewavatar?size=xsmall&avatarId=13276&avatarType=issuetype","name":"Sub-requirement
        ","subtask":true,"avatarId":13276},{"self":"https://example.com/rest/api/2/issuetype/22","id":"22","description":"","iconUrl":"https://example.com/secure/viewavatar?size=xsmall&avatarId=13266&avatarType=issuetype","name":"Documentation","subtask":false,"avatarId":13266},{"self":"https://example.com/rest/api/2/issuetype/24","id":"24","description":"Support
        Request","iconUrl":"https://example.com/secure/viewavatar?size=xsmall&avatarId=13264&avatarType=issuetype","name":"Support
        Request","subtask":false,"avatarId":13264},{"self":"https://example.com/rest/api/2/issuetype/10000","id":"10000","description":"","iconUrl":"https://example.com/secure/viewavatar?size=xsmall&avatarId=13266&avatarType=issuetype","name":"Content
        Change","subtask":false,"avatarId":13266},{"self":"https://example.com/rest/api/2/issuetype/10001","id":"10001","description":"","iconUrl":"https://example.com/secure/viewavatar?size=xsmall&avatarId=13278&avatarType=issuetype","name":"Technical
        Requirement","subtask":false,"avatarId":13278},{"self":"https://example.com/rest/api/2/issuetype/10002","id":"10002","description":"","iconUrl":"https://example.com/secure/viewavatar?size=xsmall&avatarId=13274&avatarType=issuetype","name":"Business
        Requirement","subtask":false,"avatarId":13274},{"self":"https://example.com/rest/api/2/issuetype/10300","id":"10300","description":"Development
        task","iconUrl":"https://example.com/secure/viewavatar?size=xsmall&avatarId=17260&avatarType=issuetype","name":"Dev
        Task","subtask":false,"avatarId":17260},{"self":"https://example.com/rest/api/2/issuetype/10301","id":"10301","description":"QE
        Task","iconUrl":"https://example.com/secure/viewavatar?size=xsmall&avatarId=13278&avatarType=issuetype","name":"QE
        Task","subtask":false,"avatarId":13278},{"self":"https://example.com/rest/api/2/issuetype/10302","id":"10302","description":"Docs
        Task","iconUrl":"https://example.com/secure/viewavatar?size=xsmall&avatarId=13266&avatarType=issuetype","name":"Docs
        Task","subtask":false,"avatarId":13266},{"self":"https://example.com/rest/api/2/issuetype/10400","id":"10400","description":"Objectives
        and Key Results","iconUrl":"https://example.com/secure/viewavatar?size=xsmall&avatarId=13274&avatarType=issuetype","name":"OKR","subtask":false,"avatarId":13274},{"self":"https://example.com/rest/api/2/issuetype/10500","id":"10500","description":"Policies
        are the way we interact with our work and with each other.","iconUrl":"https://example.com/secure/viewavatar?size=xsmall&avatarId=13266&avatarType=issuetype","name":"Policy","subtask":false,"avatarId":13266},{"self":"https://example.com/rest/api/2/issuetype/10600","id":"10600","description":"","iconUrl":"https://example.com/secure/viewavatar?size=xsmall&avatarId=13280&avatarType=issuetype","name":"Question","subtask":false,"avatarId":13280},{"self":"https://example.com/rest/api/2/issuetype/10601","id":"10601","description":"","iconUrl":"https://example.com/secure/viewavatar?size=xsmall&avatarId=17261&avatarType=issuetype","name":"Analysis","subtask":false,"avatarId":17261},{"self":"https://example.com/rest/api/2/issuetype/10700","id":"10700","description":"Capability
        or a well-defined set of functionality that delivers business value. Features
        can include additions or changes to existing functionality. Features can easily
        span multiple teams, and potentially multiple releases.","iconUrl":"https://example.com/secure/viewavatar?size=xsmall&avatarId=13271&avatarType=issuetype","name":"Feature","subtask":false,"avatarId":13271},{"self":"https://example.com/rest/api/2/issuetype/10701","id":"10701","description":"","iconUrl":"https://example.com/secure/viewavatar?size=xsmall&avatarId=10300&avatarType=issuetype","name":"Request","subtask":false},{"self":"https://example.com/rest/api/2/issuetype/10702","id":"10702","description":"Customer-impacting
        issue requiring coordinated response","iconUrl":"https://example.com/secure/viewavatar?size=xsmall&avatarId=10304&avatarType=issuetype","name":"Flare","subtask":false},{"self":"https://example.com/rest/api/2/issuetype/10900","id":"10900","description":"This
        issue type is created for Service Desk functions in Jira Software","iconUrl":"https://example.com/secure/viewavatar?size=xsmall&avatarId=13275&avatarType=issuetype","name":"Service
        Request","subtask":false,"avatarId":13275},{"self":"https://example.com/rest/api/2/issuetype/10901","id":"10901","description":"Used
        to represent an interrupt request identifying a problem that must be addressed,
        usually from customer support","iconUrl":"https://example.com/secure/viewavatar?size=xsmall&avatarId=13264&avatarType=issuetype","name":"Incident","subtask":false,"avatarId":13264},{"self":"https://example.com/rest/api/2/issuetype/10902","id":"10902","description":"Custom
        Task issuetype for OCSPLAT","iconUrl":"https://example.com/secure/viewavatar?size=xsmall&avatarId=13278&avatarType=issuetype","name":"Platform","subtask":false,"avatarId":13278},{"self":"https://example.com/rest/api/2/issuetype/11000","id":"11000","description":"A
        request for change, often with an approval step at the beginning to confirm
        the change.","iconUrl":"https://example.com/secure/viewavatar?size=xsmall&avatarId=17261&avatarType=issuetype","name":"Change
        Request","subtask":false,"avatarId":17261},{"self":"https://example.com/rest/api/2/issuetype/11100","id":"11100","description":"","iconUrl":"https://example.com/secure/viewavatar?size=xsmall&avatarId=13260&avatarType=issuetype","name":"Support
        Exception","subtask":false,"avatarId":13260},{"self":"https://example.com/rest/api/2/issuetype/11101","id":"11101","description":"","iconUrl":"https://example.com/secure/viewavatar?size=xsmall&avatarId=13276&avatarType=issuetype","name":"Review","subtask":true,"avatarId":13276},{"self":"https://example.com/rest/api/2/issuetype/11200","id":"11200","description":"","iconUrl":"https://example.com/secure/viewavatar?size=xsmall&avatarId=13260&avatarType=issuetype","name":"Simple
        Task","subtask":false,"avatarId":13260},{"self":"https://example.com/rest/api/2/issuetype/11201","id":"11201","description":"The
        sub-task of the issue used to track related QE work","iconUrl":"https://example.com/secure/viewavatar?size=xsmall&avatarId=13273&avatarType=issuetype","name":"QE
        Sub-task","subtask":true,"avatarId":13273},{"self":"https://example.com/rest/api/2/issuetype/11202","id":"11202","description":"The
        sub-task of the issue used to track related development work","iconUrl":"https://example.com/secure/viewavatar?size=xsmall&avatarId=17260&avatarType=issuetype","name":"Dev
        Sub-task","subtask":true,"avatarId":17260},{"self":"https://example.com/rest/api/2/issuetype/11203","id":"11203","description":"The
        sub-task of the issue used to track related documentation work","iconUrl":"https://example.com/secure/viewavatar?size=xsmall&avatarId=13266&avatarType=issuetype","name":"Docs
        Sub-task","subtask":true,"avatarId":13266},{"self":"https://example.com/rest/api/2/issuetype/11204","id":"11204","description":"","iconUrl":"https://example.com/secure/viewavatar?size=xsmall&avatarId=13271&avatarType=issuetype","name":"Simple
        Sub-task","subtask":true,"avatarId":13271},{"self":"https://example.com/rest/api/2/issuetype/11300","id":"11300","description":"","iconUrl":"https://example.com/secure/viewavatar?size=xsmall&avatarId=13270&avatarType=issuetype","name":"Next
        Action","subtask":false,"avatarId":13270},{"self":"https://example.com/rest/api/2/issuetype/11400","id":"11400","description":"This
        is a Business Unit Initiative a.k.a. \"BUI\"","iconUrl":"https://example.com/secure/viewavatar?size=xsmall&avatarId=17261&avatarType=issuetype","name":"BU
        Initiative","subtask":false,"avatarId":17261},{"self":"https://example.com/rest/api/2/issuetype/11401","id":"11401","description":"","iconUrl":"https://example.com/secure/viewavatar?size=xsmall&avatarId=13260&avatarType=issuetype","name":"RFE","subtask":false,"avatarId":13260},{"self":"https://example.com/rest/api/2/issuetype/11402","id":"11402","description":"General
        issue to be triaged","iconUrl":"https://example.com/secure/viewavatar?size=xsmall&avatarId=13260&avatarType=issuetype","name":"Issue","subtask":false,"avatarId":13260},{"self":"https://example.com/rest/api/2/issuetype/11404","id":"11404","description":"HSS
        PA tracking issue for Milestones","iconUrl":"https://example.com/secure/viewavatar?size=xsmall&avatarId=13260&avatarType=issuetype","name":"Milestone","subtask":false,"avatarId":13260},{"self":"https://example.com/rest/api/2/issuetype/11405","id":"11405","description":"","iconUrl":"https://example.com/secure/viewavatar?size=xsmall&avatarId=13260&avatarType=issuetype","name":"Build
        Task","subtask":false,"avatarId":13260},{"self":"https://example.com/rest/api/2/issuetype/11407","id":"11407","description":"RT355021","iconUrl":"https://example.com/secure/viewavatar?size=xsmall&avatarId=13270&avatarType=issuetype","name":"Report","subtask":false,"avatarId":13270},{"self":"https://example.com/rest/api/2/issuetype/11408","id":"11408","description":"","iconUrl":"https://example.com/secure/viewavatar?size=xsmall&avatarId=13260&avatarType=issuetype","name":"Schedule","subtask":false,"avatarId":13260},{"self":"https://example.com/rest/api/2/issuetype/11409","id":"11409","description":"For
        Documentation Issues","iconUrl":"https://example.com/secure/viewavatar?size=xsmall&avatarId=13260&avatarType=issuetype","name":"Doc","subtask":false,"avatarId":13260},{"self":"https://example.com/rest/api/2/issuetype/11410","id":"11410","description":"Mixed
        type for Feature as Story","iconUrl":"https://example.com/secure/viewavatar?size=xsmall&avatarId=13275&avatarType=issuetype","name":"Technical
        Feature","subtask":false,"avatarId":13275},{"self":"https://example.com/rest/api/2/issuetype/11411","id":"11411","description":"Used
        for grouping release operations, typically to identify milestones associated
        with shipping a major release","iconUrl":"https://example.com/secure/viewavatar?size=xsmall&avatarId=13273&avatarType=issuetype","name":"Release
        Milestone","subtask":false,"avatarId":13273},{"self":"https://example.com/rest/api/2/issuetype/11412","id":"11412","description":"tracks
        major releases","iconUrl":"https://example.com/secure/viewavatar?size=xsmall&avatarId=13275&avatarType=issuetype","name":"Release
        tracker","subtask":false,"avatarId":13275},{"self":"https://example.com/rest/api/2/issuetype/11413","id":"11413","description":"Generic
        Service issue or operations request from an end user.","iconUrl":"https://example.com/secure/viewavatar?size=xsmall&avatarId=13260&avatarType=issuetype","name":"Ticket","subtask":false,"avatarId":13260},{"self":"https://example.com/rest/api/2/issuetype/11414","id":"11414","description":"Higher
        level than an epic","iconUrl":"https://example.com/secure/viewavatar?size=xsmall&avatarId=13271&avatarType=issuetype","name":"Project","subtask":false,"avatarId":13271},{"self":"https://example.com/rest/api/2/issuetype/11415","id":"11415","description":"Root
        Cause Analysis","iconUrl":"https://example.com/secure/viewavatar?size=xsmall&avatarId=13269&avatarType=issuetype","name":"Root
        Cause Analysis","subtask":false,"avatarId":13269},{"self":"https://example.com/rest/api/2/issuetype/11416","id":"11416","description":"","iconUrl":"https://example.com/secure/viewavatar?size=xsmall&avatarId=13264&avatarType=issuetype","name":"Weather-item","subtask":false,"avatarId":13264},{"self":"https://example.com/rest/api/2/issuetype/11417","id":"11417","description":"","iconUrl":"https://example.com/secure/viewavatar?size=xsmall&avatarId=13278&avatarType=issuetype","name":"Ad-Hoc
        Task","subtask":false,"avatarId":13278},{"self":"https://example.com/rest/api/2/issuetype/11419","id":"11419","description":"","iconUrl":"https://example.com/secure/viewavatar?size=xsmall&avatarId=17261&avatarType=issuetype","name":"Stakeholder
        Request","subtask":false,"avatarId":17261},{"self":"https://example.com/rest/api/2/issuetype/11600","id":"11600","description":"A
        defect that needs to be fixed before Story can be \"Done\"","iconUrl":"https://example.com/secure/viewavatar?size=xsmall&avatarId=13263&avatarType=issuetype","name":"Story
        Bug","subtask":true,"avatarId":13263},{"self":"https://example.com/rest/api/2/issuetype/11700","id":"11700","description":"","iconUrl":"https://example.com/secure/viewavatar?size=xsmall&avatarId=39777&avatarType=issuetype","name":"Info","subtask":false,"avatarId":39777},{"self":"https://example.com/rest/api/2/issuetype/11701","id":"11701","description":"","iconUrl":"https://example.com/secure/viewavatar?size=xsmall&avatarId=13260&avatarType=issuetype","name":"Team
        Improvement","subtask":false,"avatarId":13260},{"self":"https://example.com/rest/api/2/issuetype/11702","id":"11702","description":"","iconUrl":"https://example.com/secure/viewavatar?size=xsmall&avatarId=13260&avatarType=issuetype","name":"Wireframe","subtask":false,"avatarId":13260},{"self":"https://example.com/rest/api/2/issuetype/11800","id":"11800","description":"Product
        Security Supply Chain Security Exception","iconUrl":"https://example.com/secure/viewavatar?size=xsmall&avatarId=39905&avatarType=issuetype","name":"Supply
        Chain Exception","subtask":false,"avatarId":39905},{"self":"https://example.com/rest/api/2/issuetype/11900","id":"11900","description":"ProdSec
        Software Security Exception","iconUrl":"https://example.com/secure/viewavatar?size=xsmall&avatarId=40577&avatarType=issuetype","name":"Software
        Security Exception","subtask":false,"avatarId":40577},{"self":"https://example.com/rest/api/2/issuetype/12100","id":"12100","description":"","iconUrl":"https://example.com/secure/viewavatar?size=xsmall&avatarId=13260&avatarType=issuetype","name":"Objective","subtask":false,"avatarId":13260},{"self":"https://example.com/rest/api/2/issuetype/12101","id":"12101","description":"Large,
        strategic focus area typically defined by leadership teams to achieve organizational
        long-term vision.","iconUrl":"https://example.com/secure/viewavatar?size=xsmall&avatarId=50977&avatarType=issuetype","name":"Strategic
        Goal","subtask":false,"avatarId":50977},{"self":"https://example.com/rest/api/2/issuetype/12300","id":"12300","description":"","iconUrl":"https://example.com/secure/viewavatar?size=xsmall&avatarId=13260&avatarType=issuetype","name":"Vulnerability","subtask":false,"avatarId":13260},{"self":"https://example.com/rest/api/2/issuetype/12301","id":"12301","description":"","iconUrl":"https://example.com/secure/viewavatar?size=xsmall&avatarId=53261&avatarType=issuetype","name":"Weakness","subtask":false,"avatarId":53261},{"self":"https://example.com/rest/api/2/issuetype/23","id":"23","description":"A
        new feature of the product, which has yet to be developed.","iconUrl":"https://example.com/secure/viewavatar?size=xsmall&avatarId=13271&avatarType=issuetype","name":"New
        Feature","subtask":false,"avatarId":13271},{"self":"https://example.com/rest/api/2/issuetype/10200","id":"10200","description":"An
        improvement or enhancement to an existing feature or task.","iconUrl":"https://example.com/secure/viewavatar?size=xsmall&avatarId=13270&avatarType=issuetype","name":"Improvement","subtask":false,"avatarId":13270}]'
    headers:
      Cache-Control:
      - max-age=0, no-cache, no-store
      Connection:
      - keep-alive
      Content-Type:
      - application/json;charset=UTF-8
      Date:
      - Mon, 17 Jun 2024 12:45:13 GMT
      Expires:
      - Mon, 17 Jun 2024 12:45:13 GMT
      Pragma:
      - no-cache
      Retry-After:
      - '0'
      Vary:
      - User-Agent
      - Accept-Encoding
      X-RateLimit-Limit:
      - '-1'
      X-RateLimit-Remaining:
      - '9223372036854775807'
      content-length:
      - '26200'
      referrer-policy:
      - strict-origin-when-cross-origin
      strict-transport-security:
      - max-age=31536000
      x-anodeid:
      - rh1-jira-dc-stg-mpp-0
      x-arequestid:
      - 765x384914x1
      x-asessionid:
      - 1y4ps9s
      x-content-type-options:
      - nosniff
      x-frame-options:
      - SAMEORIGIN
      x-ratelimit-fillrate:
      - '-1'
      x-ratelimit-interval-seconds:
      - '1'
      x-rh-edge-cache-status:
      - NotCacheable from child
      x-rh-edge-reference-id:
      - 0.8ef06e68.1718628313.17ca0482
      x-rh-edge-request-id:
      - 17ca0482
      x-seraph-loginreason:
      - OK
      x-xss-protection:
      - 1; mode=block
    status:
      code: 200
      message: OK
- request:
    body: null
    headers:
      Accept:
      - application/json,*.*;q=0.9
      Accept-Encoding:
      - gzip, deflate
      Cache-Control:
      - no-cache
      Connection:
      - keep-alive
      Content-Type:
      - application/json
      User-Agent:
      - python-requests/2.32.0
      X-Atlassian-Token:
      - no-check
    method: GET
    uri: https://example.com/rest/api/2/project/OSIM
  response:
    body:
      string: '{"expand": "description,lead,url,projectKeys", "self": "https://example.com/rest/api/2/project/12337520",
        "id": "12337520", "key": "OSIM", "description": "This project will serve Incident
        Response team as a task repository, managing the workflow in PSIR and integrating
        with OSIDB.", "lead": {"self": "https://example.com/rest/api/2/user?username=concosta@redhat.com",
        "key": "JIRAUSER196381", "name": "concosta@redhat.com", "avatarUrls": {"48x48":
        "https://example.com/secure/useravatar?ownerId=JIRAUSER196381&avatarId=41326",
        "24x24": "https://example.com/secure/useravatar?size=small&ownerId=JIRAUSER196381&avatarId=41326",
        "16x16": "https://example.com/secure/useravatar?size=xsmall&ownerId=JIRAUSER196381&avatarId=41326",
        "32x32": "https://example.com/secure/useravatar?size=medium&ownerId=JIRAUSER196381&avatarId=41326"},
        "displayName": "Conrado Costa", "active": true}, "components": [], "issueTypes":
        [{"self": "https://example.com/rest/api/2/issuetype/3", "id": "3", "description":
        "Represents a small unit of work that is not end-user facing.", "iconUrl":
        "https://example.com/secure/viewavatar?size=xsmall&avatarId=13278&avatarType=issuetype",
        "name": "Task", "subtask": false, "avatarId": 13278}, {"self": "https://example.com/rest/api/2/issuetype/5",
        "id": "5", "description": "The sub-task of the issue", "iconUrl": "https://example.com/secure/viewavatar?size=xsmall&avatarId=13276&avatarType=issuetype",
        "name": "Sub-task", "subtask": true, "avatarId": 13276}, {"self": "https://example.com/rest/api/2/issuetype/17",
        "id": "17", "description": "Created by Jira Software - do not edit or delete.
        Issue type for a user story.", "iconUrl": "https://example.com/secure/viewavatar?size=xsmall&avatarId=13275&avatarType=issuetype",
        "name": "Story", "subtask": false, "avatarId": 13275}, {"self": "https://example.com/rest/api/2/issuetype/1",
        "id": "1", "description": "A problem that impairs or prevents the functions
        of the product.", "iconUrl": "https://example.com/secure/viewavatar?size=xsmall&avatarId=13263&avatarType=issuetype",
        "name": "Bug", "subtask": false, "avatarId": 13263}, {"self": "https://example.com/rest/api/2/issuetype/16",
        "id": "16", "description": "Created by Jira Software - do not edit or delete.
        Issue type for a big user story that needs to be broken down.", "iconUrl":
        "https://example.com/secure/viewavatar?size=xsmall&avatarId=13267&avatarType=issuetype",
        "name": "Epic", "subtask": false, "avatarId": 13267}, {"self": "https://example.com/rest/api/2/issuetype/11406",
        "id": "11406", "description": "Expresses areas of concern for a project or
        program''s success.", "iconUrl": "https://example.com/secure/viewavatar?size=xsmall&avatarId=13268&avatarType=issuetype",
        "name": "Risk", "subtask": false, "avatarId": 13268}], "assigneeType": "UNASSIGNED",
        "versions": [], "name": "Open Security Issue Manager", "roles": {"Scrum master":
        "https://example.com/rest/api/2/project/12337520/role/10540", "Developers":
        "https://example.com/rest/api/2/project/12337520/role/10001", "Administrators":
        "https://example.com/rest/api/2/project/12337520/role/10002", "Approver":
        "https://example.com/rest/api/2/project/12337520/role/10840", "Viewers": "https://example.com/rest/api/2/project/12337520/role/10440",
        "Users": "https://example.com/rest/api/2/project/12337520/role/10000", "Curriculum
        Developer External": "https://example.com/rest/api/2/project/12337520/role/11140"},
        "avatarUrls": {"48x48": "https://example.com/secure/projectavatar?pid=12337520&avatarId=12560",
        "24x24": "https://example.com/secure/projectavatar?size=small&pid=12337520&avatarId=12560",
        "16x16": "https://example.com/secure/projectavatar?size=xsmall&pid=12337520&avatarId=12560",
        "32x32": "https://example.com/secure/projectavatar?size=medium&pid=12337520&avatarId=12560"},
        "projectTypeKey": "software", "archived": false}'
    headers:
      Cache-Control:
      - max-age=0, no-cache, no-store
      Connection:
      - keep-alive
      Content-Type:
      - application/json;charset=UTF-8
      Date:
      - Mon, 17 Jun 2024 12:45:13 GMT
      Expires:
      - Mon, 17 Jun 2024 12:45:13 GMT
      Pragma:
      - no-cache
      Retry-After:
      - '0'
      Vary:
      - User-Agent
      - Accept-Encoding
      X-RateLimit-Limit:
      - '-1'
      X-RateLimit-Remaining:
      - '9223372036854775807'
      content-length:
      - '4024'
      referrer-policy:
      - strict-origin-when-cross-origin
      strict-transport-security:
      - max-age=31536000
      x-anodeid:
      - rh1-jira-dc-stg-mpp-0
      x-arequestid:
      - 765x384916x1
      x-asessionid:
      - 1w0unrh
      x-content-type-options:
      - nosniff
      x-frame-options:
      - SAMEORIGIN
      x-ratelimit-fillrate:
      - '-1'
      x-ratelimit-interval-seconds:
      - '1'
      x-rh-edge-cache-status:
      - NotCacheable from child
      x-rh-edge-reference-id:
      - 0.8ef06e68.1718628313.17ca058b
      x-rh-edge-request-id:
      - 17ca058b
      x-seraph-loginreason:
      - OK
      x-xss-protection:
      - 1; mode=block
    status:
      code: 200
      message: OK
- request:
    body: '{"fields": {"issuetype": {"id": "17"}, "project": {"id": "12337520"}, "summary":
      "CVE-2020-8912 Use of risky cryptographic algorithm in github.com/aws/aws-sdk-go",
      "description": "The Go AWS S3 Crypto SDK contains vulnerabilities that can permit
      an attacker with write access to a bucket to decrypt files in that bucket.\n\nFiles
      encrypted by the V1 EncryptionClient using either the AES-CBC content cipher
      or the KMS key wrap algorithm are vulnerable. Users should migrate to the V1
      EncryptionClientV2 API, which will not create vulnerable files. Old files will
      remain vulnerable until re-encrypted with the new client.", "labels": ["flawuuid:c5fe3ac9-ced6-4459-ab47-b93ee72d6148",
      "impact:"], "priority": {"name": "Undefined"}}}'
    headers:
      Accept:
      - application/json,*.*;q=0.9
      Accept-Encoding:
      - gzip, deflate
      Cache-Control:
      - no-cache
      Connection:
      - keep-alive
      Content-Length:
      - '730'
      Content-Type:
      - application/json
      User-Agent:
      - python-requests/2.32.0
      X-Atlassian-Token:
      - no-check
    method: POST
    uri: https://example.com/rest/api/2/issue
  response:
    body:
      string: '{"id": "15942554", "key": "OSIM-16314", "self": "https://example.com/rest/api/2/issue/15942554"}'
    headers:
      Cache-Control:
      - max-age=0, no-cache, no-store
      Connection:
      - close
      Content-Type:
      - application/json;charset=UTF-8
      Date:
      - Mon, 17 Jun 2024 12:45:14 GMT
      Expires:
      - Mon, 17 Jun 2024 12:45:14 GMT
      Pragma:
      - no-cache
      Retry-After:
      - '0'
      Vary:
      - User-Agent
      - Accept-Encoding
      X-RateLimit-Limit:
      - '-1'
      X-RateLimit-Remaining:
      - '9223372036854775807'
      content-length:
      - '103'
      referrer-policy:
      - strict-origin-when-cross-origin
      strict-transport-security:
      - max-age=31536000
      x-anodeid:
      - rh1-jira-dc-stg-mpp-0
      x-arequestid:
      - 765x384919x2
      x-asessionid:
      - 1h985ma
      x-content-type-options:
      - nosniff
      x-frame-options:
      - SAMEORIGIN
      x-ratelimit-fillrate:
      - '-1'
      x-ratelimit-interval-seconds:
      - '1'
      x-rh-edge-cache-status:
      - NotCacheable from child
      x-rh-edge-reference-id:
      - 0.8ef06e68.1718628313.17ca06af
      x-rh-edge-request-id:
      - 17ca06af
      x-seraph-loginreason:
      - OK
      x-xss-protection:
      - 1; mode=block
    status:
      code: 201
      message: Created
- request:
    body: null
    headers:
      Accept:
      - application/json,*.*;q=0.9
      Accept-Encoding:
      - gzip, deflate
      Cache-Control:
      - no-cache
      Connection:
      - keep-alive
      Content-Type:
      - application/json
      User-Agent:
      - python-requests/2.32.0
      X-Atlassian-Token:
      - no-check
    method: GET
    uri: https://example.com/rest/api/2/issue/OSIM-16314
  response:
    body:
      string: '{"expand": "renderedFields,names,schema,operations,editmeta,changelog,versionedRepresentations",
        "id": "15942554", "self": "https://example.com/rest/api/2/issue/15942554",
        "key": "OSIM-16314", "fields": {"issuetype": {"self": "https://example.com/rest/api/2/issuetype/17",
        "id": "17", "description": "Created by Jira Software - do not edit or delete.
        Issue type for a user story.", "iconUrl": "https://example.com/secure/viewavatar?size=xsmall&avatarId=13275&avatarType=issuetype",
        "name": "Story", "subtask": false, "avatarId": 13275}, "customfield_12324544":
        "0.0", "customfield_12318341": null, "timespent": null, "customfield_12320940":
        null, "project": {"self": "https://example.com/rest/api/2/project/12337520",
        "id": "12337520", "key": "OSIM", "name": "Open Security Issue Manager", "projectTypeKey":
        "software", "avatarUrls": {"48x48": "https://example.com/secure/projectavatar?pid=12337520&avatarId=12560",
        "24x24": "https://example.com/secure/projectavatar?size=small&pid=12337520&avatarId=12560",
        "16x16": "https://example.com/secure/projectavatar?size=xsmall&pid=12337520&avatarId=12560",
        "32x32": "https://example.com/secure/projectavatar?size=medium&pid=12337520&avatarId=12560"}},
        "fixVersions": [], "customfield_12320944": null, "aggregatetimespent": null,
        "resolution": null, "customfield_12310220": null, "customfield_12314740":
        "{summaryBean=com.atlassian.jira.plugin.devstatus.rest.SummaryBean@b39db0d[summary={pullrequest=com.atlassian.jira.plugin.devstatus.rest.SummaryItemBean@4c020853[overall=PullRequestOverallBean{stateCount=0,
        state=''OPEN'', details=PullRequestOverallDetails{openCount=0, mergedCount=0,
        declinedCount=0}},byInstanceType={}], build=com.atlassian.jira.plugin.devstatus.rest.SummaryItemBean@8df2540[overall=com.atlassian.jira.plugin.devstatus.summary.beans.BuildOverallBean@54c3f498[failedBuildCount=0,successfulBuildCount=0,unknownBuildCount=0,count=0,lastUpdated=<null>,lastUpdatedTimestamp=<null>],byInstanceType={}],
        review=com.atlassian.jira.plugin.devstatus.rest.SummaryItemBean@4024d8cb[overall=com.atlassian.jira.plugin.devstatus.summary.beans.ReviewsOverallBean@563baf68[stateCount=0,state=<null>,dueDate=<null>,overDue=false,count=0,lastUpdated=<null>,lastUpdatedTimestamp=<null>],byInstanceType={}],
        deployment-environment=com.atlassian.jira.plugin.devstatus.rest.SummaryItemBean@273f65ca[overall=com.atlassian.jira.plugin.devstatus.summary.beans.DeploymentOverallBean@6c133281[topEnvironments=[],showProjects=false,successfulCount=0,count=0,lastUpdated=<null>,lastUpdatedTimestamp=<null>],byInstanceType={}],
        repository=com.atlassian.jira.plugin.devstatus.rest.SummaryItemBean@a975d48[overall=com.atlassian.jira.plugin.devstatus.summary.beans.CommitOverallBean@1dcf39d[count=0,lastUpdated=<null>,lastUpdatedTimestamp=<null>],byInstanceType={}],
        branch=com.atlassian.jira.plugin.devstatus.rest.SummaryItemBean@5d11d759[overall=com.atlassian.jira.plugin.devstatus.summary.beans.BranchOverallBean@28637140[count=0,lastUpdated=<null>,lastUpdatedTimestamp=<null>],byInstanceType={}]},errors=[],configErrors=[]],
        devSummaryJson={\"cachedValue\":{\"errors\":[],\"configErrors\":[],\"summary\":{\"pullrequest\":{\"overall\":{\"count\":0,\"lastUpdated\":null,\"stateCount\":0,\"state\":\"OPEN\",\"details\":{\"openCount\":0,\"mergedCount\":0,\"declinedCount\":0,\"total\":0},\"open\":true},\"byInstanceType\":{}},\"build\":{\"overall\":{\"count\":0,\"lastUpdated\":null,\"failedBuildCount\":0,\"successfulBuildCount\":0,\"unknownBuildCount\":0},\"byInstanceType\":{}},\"review\":{\"overall\":{\"count\":0,\"lastUpdated\":null,\"stateCount\":0,\"state\":null,\"dueDate\":null,\"overDue\":false,\"completed\":false},\"byInstanceType\":{}},\"deployment-environment\":{\"overall\":{\"count\":0,\"lastUpdated\":null,\"topEnvironments\":[],\"showProjects\":false,\"successfulCount\":0},\"byInstanceType\":{}},\"repository\":{\"overall\":{\"count\":0,\"lastUpdated\":null},\"byInstanceType\":{}},\"branch\":{\"overall\":{\"count\":0,\"lastUpdated\":null},\"byInstanceType\":{}}}},\"isStale\":false}}",
        "resolutiondate": null, "workratio": -1, "customfield_12316840": null, "customfield_12317379":
        null, "customfield_12316841": null, "customfield_12315950": null, "customfield_12310940":
        null, "customfield_12319040": null, "lastViewed": null, "watches": {"self":
        "https://example.com/rest/api/2/issue/OSIM-16314/watchers", "watchCount":
        1, "isWatching": true}, "created": "2024-06-17T12:45:13.841+0000", "customfield_12321240":
        null, "customfield_12313140": null, "priority": {"self": "https://example.com/rest/api/2/priority/10300",
        "iconUrl": "https://example.com/images/icons/priorities/trivial.svg", "name":
        "Undefined", "id": "10300"}, "labels": ["flawuuid:c5fe3ac9-ced6-4459-ab47-b93ee72d6148",
        "impact:"], "customfield_12320947": [{"self": "https://example.com/rest/api/2/customFieldOption/27714",
        "value": "Unclassified", "id": "27714", "disabled": false}], "customfield_12320946":
        {"self": "https://example.com/rest/api/2/customFieldOption/27705", "value":
        "False", "id": "27705", "disabled": false}, "aggregatetimeoriginalestimate":
        null, "timeestimate": null, "versions": [], "issuelinks": [], "customfield_12325240":
        null, "assignee": null, "updated": "2024-06-17T12:45:13.841+0000", "customfield_12313942":
        null, "customfield_12313941": null, "status": {"self": "https://example.com/rest/api/2/status/10016",
        "description": "Initial creation status. Implies nothing yet and should be
        very short lived; also can be a Bugzilla status.", "iconUrl": "https://example.com/images/icons/statuses/generic.png",
        "name": "New", "id": "10016", "statusCategory": {"self": "https://example.com/rest/api/2/statuscategory/2",
        "id": 2, "key": "new", "colorName": "default", "name": "To Do"}}, "components":
        [], "timeoriginalestimate": null, "description": "The Go AWS S3 Crypto SDK
        contains vulnerabilities that can permit an attacker with write access to
        a bucket to decrypt files in that bucket.\n\nFiles encrypted by the V1 EncryptionClient
        using either the AES-CBC content cipher or the KMS key wrap algorithm are
        vulnerable. Users should migrate to the V1 EncryptionClientV2 API, which will
        not create vulnerable files. Old files will remain vulnerable until re-encrypted
        with the new client.", "customfield_12314040": null, "customfield_12320844":
        null, "archiveddate": null, "timetracking": {}, "customfield_12320842": null,
        "customfield_12310243": null, "attachment": [], "aggregatetimeestimate": null,
        "customfield_12316542": {"self": "https://example.com/rest/api/2/customFieldOption/14655",
        "value": "False", "id": "14655", "disabled": false}, "customfield_12317313":
        null, "customfield_12316543": {"self": "https://example.com/rest/api/2/customFieldOption/14657",
        "value": "False", "id": "14657", "disabled": false}, "customfield_12310840":
        "9223372036854775807", "customfield_12316544": "None", "customfield_12323640":
        null, "summary": "CVE-2020-8912 Use of risky cryptographic algorithm in github.com/aws/aws-sdk-go",
        "customfield_12323642": null, "creator": {"self": "https://example.com/rest/api/2/user?username=nobody%40redhat.com",
        "name": "nobody@redhat.com", "key": "nobody", "emailAddress": "nobody+stage@redhat.com",
        "avatarUrls": {"48x48": "https://example.com/secure/useravatar?ownerId=nobody&avatarId=29772",
        "24x24": "https://example.com/secure/useravatar?size=small&ownerId=nobody&avatarId=29772",
        "16x16": "https://example.com/secure/useravatar?size=xsmall&ownerId=nobody&avatarId=29772",
        "32x32": "https://example.com/secure/useravatar?size=medium&ownerId=nobody&avatarId=29772"},
        "displayName": "nobody", "active": true, "timeZone": "Europe/Prague"},
        "customfield_12323641": null, "subtasks": [], "customfield_12321140": null,
        "reporter": {"self": "https://example.com/rest/api/2/user?username=nobody%40redhat.com",
        "name": "nobody@redhat.com", "key": "nobody", "emailAddress": "nobody+stage@redhat.com",
        "avatarUrls": {"48x48": "https://example.com/secure/useravatar?ownerId=nobody&avatarId=29772",
        "24x24": "https://example.com/secure/useravatar?size=small&ownerId=nobody&avatarId=29772",
        "16x16": "https://example.com/secure/useravatar?size=xsmall&ownerId=nobody&avatarId=29772",
        "32x32": "https://example.com/secure/useravatar?size=medium&ownerId=nobody&avatarId=29772"},
        "displayName": "nobody", "active": true, "timeZone": "Europe/Prague"},
        "customfield_12320850": null, "aggregateprogress": {"progress": 0, "total":
        0}, "customfield_12323644": null, "customfield_12323643": null, "customfield_12323646":
        null, "customfield_12323645": null, "environment": null, "customfield_12315542":
        null, "customfield_12315740": null, "customfield_12313441": "", "customfield_12313440":
        "0.0", "customfield_12313240": null, "duedate": null, "customfield_12311140":
        null, "customfield_12319742": null, "progress": {"progress": 0, "total": 0},
        "comment": {"comments": [], "maxResults": 0, "total": 0, "startAt": 0}, "votes":
        {"self": "https://example.com/rest/api/2/issue/OSIM-16314/votes", "votes":
        0, "hasVoted": false}, "customfield_12319743": null, "worklog": {"startAt":
        0, "maxResults": 20, "total": 0, "worklogs": []}, "customfield_12310213":
        null, "archivedby": null, "customfield_12311940": "1|zemjq0:"}}'
    headers:
      Cache-Control:
      - max-age=0, no-cache, no-store
      Connection:
      - keep-alive
      Content-Type:
      - application/json;charset=UTF-8
      Date:
      - Mon, 17 Jun 2024 12:45:16 GMT
      Expires:
      - Mon, 17 Jun 2024 12:45:16 GMT
      Pragma:
      - no-cache
      Retry-After:
      - '0'
      Vary:
      - User-Agent
      - Accept-Encoding
      X-RateLimit-Limit:
      - '-1'
      X-RateLimit-Remaining:
      - '9223372036854775807'
      content-length:
      - '9224'
      referrer-policy:
      - strict-origin-when-cross-origin
      strict-transport-security:
      - max-age=31536000
      x-anodeid:
      - rh1-jira-dc-stg-mpp-0
      x-arequestid:
      - 765x384934x2
      x-asessionid:
      - 1ee9wk4
      x-content-type-options:
      - nosniff
      x-frame-options:
      - SAMEORIGIN
      x-ratelimit-fillrate:
      - '-1'
      x-ratelimit-interval-seconds:
      - '1'
      x-rh-edge-cache-status:
      - NotCacheable from child
      x-rh-edge-reference-id:
      - 0.8ef06e68.1718628316.17ca12f1
      x-rh-edge-request-id:
      - 17ca12f1
      x-seraph-loginreason:
      - OK
      x-xss-protection:
      - 1; mode=block
    status:
      code: 200
      message: OK
- request:
    body: null
    headers:
      Accept:
      - '*/*'
      Accept-Encoding:
      - gzip, deflate
      Connection:
      - keep-alive
      Content-Type:
      - application/json
      User-Agent:
      - python-bugzilla/3.2.0
    method: GET
    uri: https://example.com/rest/version
  response:
    body:
      string: '{"version": "5.0.4.rh97"}'
    headers:
      Access-Control-Allow-Headers:
      - origin, content-type, accept, x-requested-with
      Access-Control-Allow-Origin:
      - '*'
      Cache-Control:
      - private, must-revalidate
      Connection:
      - keep-alive
      Content-Length:
      - '24'
      Content-Type:
      - application/json; charset=UTF-8
      Date:
      - Mon, 17 Jun 2024 12:45:17 GMT
      Strict-Transport-Security:
      - max-age=63072000; includeSubDomains
      X-content-type-options:
      - nosniff
      X-xss-protection:
      - 1; mode=block
      x-rh-edge-cache-status:
      - Miss from child, Miss from parent
      x-rh-edge-reference-id:
      - 0.8ef06e68.1718628316.17ca14a4
      x-rh-edge-request-id:
      - 17ca14a4
    status:
      code: 200
      message: OK
- request:
    body: null
    headers:
      Accept:
      - '*/*'
      Accept-Encoding:
      - gzip, deflate
      Connection:
      - keep-alive
      Content-Type:
      - application/json
      User-Agent:
      - python-bugzilla/3.2.0
    method: GET
    uri: https://example.com/rest/user?ids=1
  response:
    body:
      string: '{"users": [{"name": "aander07@packetmaster.com", "id": 1, "email":
        "aander07@packetmaster.com", "real_name": "Need Real Name", "can_login": true}]}'
    headers:
      Access-Control-Allow-Headers:
      - origin, content-type, accept, x-requested-with
      Access-Control-Allow-Origin:
      - '*'
      Cache-Control:
      - private, must-revalidate
      Connection:
      - keep-alive
      Content-Length:
      - '137'
      Content-Type:
      - application/json; charset=UTF-8
      Date:
      - Mon, 17 Jun 2024 12:45:17 GMT
      Strict-Transport-Security:
      - max-age=63072000; includeSubDomains
      X-content-type-options:
      - nosniff
      X-xss-protection:
      - 1; mode=block
      x-rh-edge-cache-status:
      - Miss from child, Miss from parent
      x-rh-edge-reference-id:
      - 0.8ef06e68.1718628317.17ca15ac
      x-rh-edge-request-id:
      - 17ca15ac
    status:
      code: 200
      message: OK
- request:
    body: '{"product": "Security Response", "op_sys": "Linux", "platform": "All",
      "version": "unspecified", "component": "vulnerability-draft", "cf_release_notes":
      "", "severity": "unspecified", "priority": "unspecified", "summary": "CVE-2020-8912
      Use of risky cryptographic algorithm in github.com/aws/aws-sdk-go", "description":
      "The Go AWS S3 Crypto SDK contains vulnerabilities that can permit an attacker
      with write access to a bucket to decrypt files in that bucket.\n\nFiles encrypted
      by the V1 EncryptionClient using either the AES-CBC content cipher or the KMS
      key wrap algorithm are vulnerable. Users should migrate to the V1 EncryptionClientV2
      API, which will not create vulnerable files. Old files will remain vulnerable
      until re-encrypted with the new client.", "comment_is_private": false, "alias":
      ["CVE-2020-8912"], "keywords": ["Security"], "flags": [], "groups": ["redhat"],
      "cc": [], "cf_srtnotes": "{\"reported\": \"2024-06-17T12:45:12Z\", \"external_ids\":
      [\"GO-2022-0646/CVE-2020-8912\"], \"references\": [{\"type\": \"source\", \"url\":
      \"https://osv.dev/vulnerability/GO-2022-0646\", \"description\": null}, {\"type\":
      \"external\", \"url\": \"https://aws.amazon.com/blogs/developer/updates-to-the-amazon-s3-encryption-client/?s=09\",
      \"description\": null}, {\"type\": \"external\", \"url\": \"https://github.com/aws/aws-sdk-go/pull/3403\",
      \"description\": null}, {\"type\": \"external\", \"url\": \"https://github.com/aws/aws-sdk-go/commit/ae9b9fd92af132cfd8d879809d8611825ba135f4\",
      \"description\": null}], \"source\": \"osv\"}"}'
    headers:
      Accept:
      - '*/*'
      Accept-Encoding:
      - gzip, deflate
      Connection:
      - keep-alive
      Content-Length:
      - '1548'
      Content-Type:
      - application/json
      User-Agent:
      - python-bugzilla/3.2.0
    method: POST
    uri: https://example.com/rest/bug
  response:
    body:
      string: '{"id": 2293433}'
    headers:
      Access-Control-Allow-Headers:
      - origin, content-type, accept, x-requested-with
      Access-Control-Allow-Origin:
      - '*'
      Cache-Control:
      - private, must-revalidate
      Connection:
      - keep-alive
      Content-Length:
      - '14'
      Content-Type:
      - application/json; charset=UTF-8
      Date:
      - Mon, 17 Jun 2024 12:45:18 GMT
      Strict-Transport-Security:
      - max-age=63072000; includeSubDomains
      X-content-type-options:
      - nosniff
      X-xss-protection:
      - 1; mode=block
      x-rh-edge-cache-status:
      - Miss from child, Miss from parent
      x-rh-edge-reference-id:
      - 0.8ef06e68.1718628317.17ca1782
      x-rh-edge-request-id:
      - 17ca1782
    status:
      code: 200
      message: OK
- request:
    body: null
    headers:
      Accept:
      - '*/*'
      Accept-Encoding:
      - gzip, deflate
      Connection:
      - keep-alive
      Content-Type:
      - application/json
      User-Agent:
      - python-bugzilla/3.2.0
    method: GET
    uri: https://example.com/rest/version
  response:
    body:
      string: '{"version": "5.0.4.rh97"}'
    headers:
      Access-Control-Allow-Headers:
      - origin, content-type, accept, x-requested-with
      Access-Control-Allow-Origin:
      - '*'
      Cache-Control:
      - private, must-revalidate
      Connection:
      - keep-alive
      Content-Length:
      - '24'
      Content-Type:
      - application/json; charset=UTF-8
      Date:
      - Mon, 17 Jun 2024 12:45:19 GMT
      Strict-Transport-Security:
      - max-age=63072000; includeSubDomains
      X-content-type-options:
      - nosniff
      X-xss-protection:
      - 1; mode=block
      x-rh-edge-cache-status:
      - Miss from child, Miss from parent
      x-rh-edge-reference-id:
      - 0.8ef06e68.1718628319.17ca1da8
      x-rh-edge-request-id:
      - 17ca1da8
    status:
      code: 200
      message: OK
- request:
    body: null
    headers:
      Accept:
      - '*/*'
      Accept-Encoding:
      - gzip, deflate
      Connection:
      - keep-alive
      Content-Type:
      - application/json
      User-Agent:
      - python-bugzilla/3.2.0
    method: GET
    uri: https://example.com/rest/user?ids=1
  response:
    body:
      string: '{"users": [{"can_login": true, "real_name": "Need Real Name", "id":
        1, "email": "aander07@packetmaster.com", "name": "aander07@packetmaster.com"}]}'
    headers:
      Access-Control-Allow-Headers:
      - origin, content-type, accept, x-requested-with
      Access-Control-Allow-Origin:
      - '*'
      Cache-Control:
      - private, must-revalidate
      Connection:
      - keep-alive
      Content-Length:
      - '137'
      Content-Type:
      - application/json; charset=UTF-8
      Date:
      - Mon, 17 Jun 2024 12:45:20 GMT
      Strict-Transport-Security:
      - max-age=63072000; includeSubDomains
      X-content-type-options:
      - nosniff
      X-xss-protection:
      - 1; mode=block
      x-rh-edge-cache-status:
      - Miss from child, Miss from parent
      x-rh-edge-reference-id:
      - 0.8ef06e68.1718628319.17ca1ee1
      x-rh-edge-request-id:
      - 17ca1ee1
    status:
      code: 200
      message: OK
- request:
    body: null
    headers:
      Accept:
      - '*/*'
      Accept-Encoding:
      - gzip, deflate
      Connection:
      - keep-alive
      Content-Type:
      - application/json
      User-Agent:
      - python-bugzilla/3.2.0
    method: GET
    uri: https://example.com/rest/bug/2293433?extra_fields=comments&extra_fields=description&extra_fields=external_bugs&extra_fields=flags&extra_fields=sub_components&extra_fields=tags
  response:
    body:
      string: '{"faults": [], "bugs": [{"platform": "All", "is_cc_accessible": true,
        "actual_time": 0, "cf_qa_whiteboard": "", "cf_pgm_internal": "", "product":
        "Security Response", "remaining_time": 0, "tags": [], "is_creator_accessible":
        true, "cc_detail": [], "keywords": ["Security"], "classification": "Other",
        "estimated_time": 0, "cf_devel_whiteboard": "", "docs_contact": "", "cf_fixed_in":
        "", "cf_clone_of": null, "qa_contact": "", "cf_release_notes": "", "assigned_to":
        "prodsec-dev@redhat.com", "summary": "CVE-2020-8912 Use of risky cryptographic
        algorithm in github.com/aws/aws-sdk-go", "severity": "unspecified", "component":
        ["vulnerability-draft"], "depends_on": [], "id": 2293433, "blocks": [], "deadline":
        null, "whiteboard": "", "groups": ["redhat"], "external_bugs": [], "url":
        "", "status": "NEW", "is_open": true, "cf_pm_score": "0", "creator": "nobody@redhat.com",
        "version": ["unspecified"], "cf_last_closed": null, "dupe_of": null, "comments":
        [{"creator_id": 425662, "tags": [], "is_private": false, "id": 18020060, "count":
        0, "attachment_id": null, "private_groups": [], "text": "The Go AWS S3 Crypto
        SDK contains vulnerabilities that can permit an attacker with write access
        to a bucket to decrypt files in that bucket.\n\nFiles encrypted by the V1
        EncryptionClient using either the AES-CBC content cipher or the KMS key wrap
        algorithm are vulnerable. Users should migrate to the V1 EncryptionClientV2
        API, which will not create vulnerable files. Old files will remain vulnerable
        until re-encrypted with the new client.", "creator": "nobody@redhat.com",
        "creation_time": "2024-06-17T12:45:18Z", "bug_id": 2293433, "time": "2024-06-17T12:45:18Z"}],
        "priority": "unspecified", "is_confirmed": true, "resolution": "", "cf_doc_type":
        "If docs needed, set a value", "cf_internal_whiteboard": "", "target_milestone":
        "---", "target_release": ["---"], "cf_conditional_nak": [], "cf_srtnotes":
        "{\"reported\": \"2024-06-17T12:45:12Z\", \"external_ids\": [\"GO-2022-0646/CVE-2020-8912\"],
        \"references\": [{\"type\": \"source\", \"url\": \"https://example.com/vulnerability/GO-2022-0646\",
        \"description\": null}, {\"type\": \"external\", \"url\": \"https://example.com/blogs/developer/updates-to-the-amazon-s3-encryption-client/?s=09\",
        \"description\": null}, {\"type\": \"external\", \"url\": \"https://example.com/aws/aws-sdk-go/pull/3403\",
        \"description\": null}, {\"type\": \"external\", \"url\": \"https://example.com/aws/aws-sdk-go/commit/ae9b9fd92af132cfd8d879809d8611825ba135f4\",
        \"description\": null}], \"source\": \"osv\"}", "description": "The Go AWS
        S3 Crypto SDK contains vulnerabilities that can permit an attacker with write
        access to a bucket to decrypt files in that bucket.\n\nFiles encrypted by
        the V1 EncryptionClient using either the AES-CBC content cipher or the KMS
        key wrap algorithm are vulnerable. Users should migrate to the V1 EncryptionClientV2
        API, which will not create vulnerable files. Old files will remain vulnerable
        until re-encrypted with the new client.", "creation_time": "2024-06-17T12:45:18Z",
        "cf_embargoed": null, "creator_detail": {"id": 425662, "partner": false, "email":
        "nobody@redhat.com", "name": "nobody@redhat.com", "active": true, "real_name":
        "nobody", "insider": true}, "sub_components": {}, "cf_qe_conditional_nak":
        [], "update_token": "1718628320-w4vXwcUf5GXPz-LgSckQJlCr0SAxsiN2DsbGNGqIIxg",
        "cc": [], "cf_build_id": "", "data_category": "Red Hat", "assigned_to_detail":
        {"id": 377884, "email": "prodsec-dev@redhat.com", "partner": false, "name":
        "prodsec-dev@redhat.com", "real_name": "Product Security DevOps Team", "insider":
        true, "active": true}, "cf_cust_facing": "---", "cf_environment": "", "alias":
        ["CVE-2020-8912"], "flags": [], "op_sys": "Linux", "cf_major_incident": null,
        "last_change_time": "2024-06-17T12:45:18Z"}]}'
    headers:
      Access-Control-Allow-Headers:
      - origin, content-type, accept, x-requested-with
      Access-Control-Allow-Origin:
      - '*'
      Cache-Control:
      - private, must-revalidate
      Connection:
      - keep-alive
      Content-Type:
      - application/json; charset=UTF-8
      Date:
      - Mon, 17 Jun 2024 12:45:20 GMT
      Strict-Transport-Security:
      - max-age=63072000; includeSubDomains
      Vary:
      - Accept-Encoding
      X-content-type-options:
      - nosniff
      X-xss-protection:
      - 1; mode=block
      content-length:
      - '3630'
      x-rh-edge-cache-status:
      - Miss from child, Miss from parent
      x-rh-edge-reference-id:
      - 0.8ef06e68.1718628320.17ca213f
      x-rh-edge-request-id:
      - 17ca213f
    status:
      code: 200
      message: OK
- request:
    body: null
    headers:
      Accept:
      - '*/*'
      Accept-Encoding:
      - gzip, deflate
      Connection:
      - keep-alive
      Content-Type:
      - application/json
      User-Agent:
      - python-bugzilla/3.2.0
    method: GET
    uri: https://example.com/rest/bug/2293433?extra_fields=comments&extra_fields=description&extra_fields=external_bugs&extra_fields=flags&extra_fields=sub_components&extra_fields=tags
  response:
    body:
      string: '{"faults": [], "bugs": [{"cf_devel_whiteboard": "", "is_cc_accessible":
        true, "cf_pgm_internal": "", "cf_major_incident": null, "cf_clone_of": null,
        "assigned_to": "prodsec-dev@redhat.com", "platform": "All", "target_release":
        ["---"], "assigned_to_detail": {"id": 377884, "email": "prodsec-dev@redhat.com",
        "name": "prodsec-dev@redhat.com", "partner": false, "insider": true, "active":
        true, "real_name": "Product Security DevOps Team"}, "description": "The Go
        AWS S3 Crypto SDK contains vulnerabilities that can permit an attacker with
        write access to a bucket to decrypt files in that bucket.\n\nFiles encrypted
        by the V1 EncryptionClient using either the AES-CBC content cipher or the
        KMS key wrap algorithm are vulnerable. Users should migrate to the V1 EncryptionClientV2
        API, which will not create vulnerable files. Old files will remain vulnerable
        until re-encrypted with the new client.", "cf_doc_type": "If docs needed,
        set a value", "component": ["vulnerability-draft"], "sub_components": {},
        "classification": "Other", "data_category": "Red Hat", "cf_srtnotes": "{\"reported\":
        \"2024-06-17T12:45:12Z\", \"external_ids\": [\"GO-2022-0646/CVE-2020-8912\"],
        \"references\": [{\"type\": \"source\", \"url\": \"https://example.com/vulnerability/GO-2022-0646\",
        \"description\": null}, {\"type\": \"external\", \"url\": \"https://example.com/blogs/developer/updates-to-the-amazon-s3-encryption-client/?s=09\",
        \"description\": null}, {\"type\": \"external\", \"url\": \"https://example.com/aws/aws-sdk-go/pull/3403\",
        \"description\": null}, {\"type\": \"external\", \"url\": \"https://example.com/aws/aws-sdk-go/commit/ae9b9fd92af132cfd8d879809d8611825ba135f4\",
        \"description\": null}], \"source\": \"osv\"}", "qa_contact": "", "is_creator_accessible":
        true, "flags": [], "cf_environment": "", "severity": "unspecified", "cf_internal_whiteboard":
        "", "version": ["unspecified"], "cc_detail": [], "url": "", "priority": "unspecified",
        "id": 2293433, "cc": [], "alias": ["CVE-2020-8912"], "cf_cust_facing": "---",
        "cf_embargoed": null, "cf_qa_whiteboard": "", "docs_contact": "", "keywords":
        ["Security"], "cf_conditional_nak": [], "comments": [{"text": "The Go AWS
        S3 Crypto SDK contains vulnerabilities that can permit an attacker with write
        access to a bucket to decrypt files in that bucket.\n\nFiles encrypted by
        the V1 EncryptionClient using either the AES-CBC content cipher or the KMS
        key wrap algorithm are vulnerable. Users should migrate to the V1 EncryptionClientV2
        API, which will not create vulnerable files. Old files will remain vulnerable
        until re-encrypted with the new client.", "creator": "nobody@redhat.com",
        "tags": [], "time": "2024-06-17T12:45:18Z", "creator_id": 425662, "bug_id":
        2293433, "is_private": false, "creation_time": "2024-06-17T12:45:18Z", "attachment_id":
        null, "count": 0, "private_groups": [], "id": 18020060}], "depends_on": [],
        "deadline": null, "tags": [], "op_sys": "Linux", "cf_qe_conditional_nak":
        [], "summary": "CVE-2020-8912 Use of risky cryptographic algorithm in github.com/aws/aws-sdk-go",
        "creator_detail": {"partner": false, "real_name": "nobody", "active":
        true, "insider": true, "email": "nobody@redhat.com", "id": 425662, "name":
        "nobody@redhat.com"}, "estimated_time": 0, "external_bugs": [], "creation_time":
        "2024-06-17T12:45:18Z", "product": "Security Response", "dupe_of": null, "cf_last_closed":
        null, "last_change_time": "2024-06-17T12:45:18Z", "cf_pm_score": "0", "cf_build_id":
        "", "update_token": "1718628321-Lb14kcnQiHrSQEZF_MLL5hdQGrTz2d0BRl8_ejWXqT4",
        "resolution": "", "actual_time": 0, "is_confirmed": true, "blocks": [], "cf_fixed_in":
        "", "whiteboard": "", "status": "NEW", "is_open": true, "cf_release_notes":
        "", "target_milestone": "---", "groups": ["redhat"], "creator": "nobody@redhat.com",
        "remaining_time": 0}]}'
    headers:
      Access-Control-Allow-Headers:
      - origin, content-type, accept, x-requested-with
      Access-Control-Allow-Origin:
      - '*'
      Cache-Control:
      - private, must-revalidate
      Connection:
      - keep-alive
      Content-Type:
      - application/json; charset=UTF-8
      Date:
      - Mon, 17 Jun 2024 12:45:21 GMT
      Strict-Transport-Security:
      - max-age=63072000; includeSubDomains
      Vary:
      - Accept-Encoding
      X-content-type-options:
      - nosniff
      X-xss-protection:
      - 1; mode=block
      content-length:
      - '3630'
      x-rh-edge-cache-status:
      - Miss from child, Miss from parent
      x-rh-edge-reference-id:
      - 0.8ef06e68.1718628320.17ca235a
      x-rh-edge-request-id:
      - 17ca235a
    status:
      code: 200
      message: OK
- request:
    body: null
    headers:
      Accept:
      - '*/*'
      Accept-Encoding:
      - gzip, deflate
      Connection:
      - keep-alive
      Content-Type:
      - application/json
      User-Agent:
      - python-bugzilla/3.2.0
    method: GET
    uri: https://example.com/rest/bug/2293433/comment
  response:
    body:
      string: '{"comments": {}, "bugs": {"2293433": {"comments": [{"creator": "nobody@redhat.com",
        "text": "The Go AWS S3 Crypto SDK contains vulnerabilities that can permit
        an attacker with write access to a bucket to decrypt files in that bucket.\n\nFiles
        encrypted by the V1 EncryptionClient using either the AES-CBC content cipher
        or the KMS key wrap algorithm are vulnerable. Users should migrate to the
        V1 EncryptionClientV2 API, which will not create vulnerable files. Old files
        will remain vulnerable until re-encrypted with the new client.", "tags": [],
        "time": "2024-06-17T12:45:18Z", "creator_id": 425662, "creation_time": "2024-06-17T12:45:18Z",
        "is_private": false, "attachment_id": null, "bug_id": 2293433, "count": 0,
        "id": 18020060, "private_groups": []}]}}}'
    headers:
      Access-Control-Allow-Headers:
      - origin, content-type, accept, x-requested-with
      Access-Control-Allow-Origin:
      - '*'
      Cache-Control:
      - private, must-revalidate
      Connection:
      - keep-alive
      Content-Length:
      - '733'
      Content-Type:
      - application/json; charset=UTF-8
      Date:
      - Mon, 17 Jun 2024 12:45:21 GMT
      Strict-Transport-Security:
      - max-age=63072000; includeSubDomains
      X-content-type-options:
      - nosniff
      X-xss-protection:
      - 1; mode=block
      x-rh-edge-cache-status:
      - Miss from child, Miss from parent
      x-rh-edge-reference-id:
      - 0.8ef06e68.1718628321.17ca2628
      x-rh-edge-request-id:
      - 17ca2628
    status:
      code: 200
      message: OK
version: 1
